Archive member included to satisfy reference by file (symbol)

c:/program files (x86)/atollic/truestudio for arm 8.1.0/armtools/bin/../lib/gcc/arm-atollic-eabi/6.3.1/../../../../arm-atollic-eabi/lib/armv7e-m/fpu\libc_nano.a(lib_a-atof.o)
                              src\gps_v0.o (atof)
c:/program files (x86)/atollic/truestudio for arm 8.1.0/armtools/bin/../lib/gcc/arm-atollic-eabi/6.3.1/../../../../arm-atollic-eabi/lib/armv7e-m/fpu\libc_nano.a(lib_a-atoi.o)
                              src\gps_v0.o (atoi)
c:/program files (x86)/atollic/truestudio for arm 8.1.0/armtools/bin/../lib/gcc/arm-atollic-eabi/6.3.1/../../../../arm-atollic-eabi/lib/armv7e-m/fpu\libc_nano.a(lib_a-init.o)
                              src\startup_stm32f40xx.o (__libc_init_array)
c:/program files (x86)/atollic/truestudio for arm 8.1.0/armtools/bin/../lib/gcc/arm-atollic-eabi/6.3.1/../../../../arm-atollic-eabi/lib/armv7e-m/fpu\libc_nano.a(lib_a-malloc.o)
                              src\gps_v0.o (malloc)
c:/program files (x86)/atollic/truestudio for arm 8.1.0/armtools/bin/../lib/gcc/arm-atollic-eabi/6.3.1/../../../../arm-atollic-eabi/lib/armv7e-m/fpu\libc_nano.a(lib_a-memset.o)
                              src\gps_v0.o (memset)
c:/program files (x86)/atollic/truestudio for arm 8.1.0/armtools/bin/../lib/gcc/arm-atollic-eabi/6.3.1/../../../../arm-atollic-eabi/lib/armv7e-m/fpu\libc_nano.a(lib_a-nano-freer.o)
                              c:/program files (x86)/atollic/truestudio for arm 8.1.0/armtools/bin/../lib/gcc/arm-atollic-eabi/6.3.1/../../../../arm-atollic-eabi/lib/armv7e-m/fpu\libc_nano.a(lib_a-malloc.o) (_free_r)
c:/program files (x86)/atollic/truestudio for arm 8.1.0/armtools/bin/../lib/gcc/arm-atollic-eabi/6.3.1/../../../../arm-atollic-eabi/lib/armv7e-m/fpu\libc_nano.a(lib_a-nano-mallocr.o)
                              c:/program files (x86)/atollic/truestudio for arm 8.1.0/armtools/bin/../lib/gcc/arm-atollic-eabi/6.3.1/../../../../arm-atollic-eabi/lib/armv7e-m/fpu\libc_nano.a(lib_a-malloc.o) (_malloc_r)
c:/program files (x86)/atollic/truestudio for arm 8.1.0/armtools/bin/../lib/gcc/arm-atollic-eabi/6.3.1/../../../../arm-atollic-eabi/lib/armv7e-m/fpu\libc_nano.a(lib_a-sbrkr.o)
                              c:/program files (x86)/atollic/truestudio for arm 8.1.0/armtools/bin/../lib/gcc/arm-atollic-eabi/6.3.1/../../../../arm-atollic-eabi/lib/armv7e-m/fpu\libc_nano.a(lib_a-nano-mallocr.o) (_sbrk_r)
c:/program files (x86)/atollic/truestudio for arm 8.1.0/armtools/bin/../lib/gcc/arm-atollic-eabi/6.3.1/../../../../arm-atollic-eabi/lib/armv7e-m/fpu\libc_nano.a(lib_a-strchr.o)
                              src\gps_v0.o (strchr)
c:/program files (x86)/atollic/truestudio for arm 8.1.0/armtools/bin/../lib/gcc/arm-atollic-eabi/6.3.1/../../../../arm-atollic-eabi/lib/armv7e-m/fpu\libc_nano.a(lib_a-strcmp.o)
                              src\gps_v0.o (strcmp)
c:/program files (x86)/atollic/truestudio for arm 8.1.0/armtools/bin/../lib/gcc/arm-atollic-eabi/6.3.1/../../../../arm-atollic-eabi/lib/armv7e-m/fpu\libc_nano.a(lib_a-strcpy.o)
                              src\gps_v0.o (strcpy)
c:/program files (x86)/atollic/truestudio for arm 8.1.0/armtools/bin/../lib/gcc/arm-atollic-eabi/6.3.1/../../../../arm-atollic-eabi/lib/armv7e-m/fpu\libc_nano.a(lib_a-strlen.o)
                              src\gps_v0.o (strlen)
c:/program files (x86)/atollic/truestudio for arm 8.1.0/armtools/bin/../lib/gcc/arm-atollic-eabi/6.3.1/../../../../arm-atollic-eabi/lib/armv7e-m/fpu\libc_nano.a(lib_a-strstr.o)
                              src\gps_v0.o (strstr)
c:/program files (x86)/atollic/truestudio for arm 8.1.0/armtools/bin/../lib/gcc/arm-atollic-eabi/6.3.1/../../../../arm-atollic-eabi/lib/armv7e-m/fpu\libc_nano.a(lib_a-strtod.o)
                              c:/program files (x86)/atollic/truestudio for arm 8.1.0/armtools/bin/../lib/gcc/arm-atollic-eabi/6.3.1/../../../../arm-atollic-eabi/lib/armv7e-m/fpu\libc_nano.a(lib_a-atof.o) (strtod)
c:/program files (x86)/atollic/truestudio for arm 8.1.0/armtools/bin/../lib/gcc/arm-atollic-eabi/6.3.1/../../../../arm-atollic-eabi/lib/armv7e-m/fpu\libc_nano.a(lib_a-strtok.o)
                              src\gps_v0.o (strtok)
c:/program files (x86)/atollic/truestudio for arm 8.1.0/armtools/bin/../lib/gcc/arm-atollic-eabi/6.3.1/../../../../arm-atollic-eabi/lib/armv7e-m/fpu\libc_nano.a(lib_a-strtok_r.o)
                              c:/program files (x86)/atollic/truestudio for arm 8.1.0/armtools/bin/../lib/gcc/arm-atollic-eabi/6.3.1/../../../../arm-atollic-eabi/lib/armv7e-m/fpu\libc_nano.a(lib_a-strtok.o) (__strtok_r)
c:/program files (x86)/atollic/truestudio for arm 8.1.0/armtools/bin/../lib/gcc/arm-atollic-eabi/6.3.1/../../../../arm-atollic-eabi/lib/armv7e-m/fpu\libc_nano.a(lib_a-strtol.o)
                              c:/program files (x86)/atollic/truestudio for arm 8.1.0/armtools/bin/../lib/gcc/arm-atollic-eabi/6.3.1/../../../../arm-atollic-eabi/lib/armv7e-m/fpu\libc_nano.a(lib_a-atoi.o) (_strtol_r)
[...]
Memory Configuration

Name             Origin             Length             Attributes
FLASH            0x08000000         0x00080000         xr
RAM              0x20000000         0x00018000         xrw
MEMORY_B1        0x60000000         0x00000000         xr
CCMRAM           0x10000000         0x00010000         rw
*default*        0x00000000         0xffffffff

Linker script and memory map

LOAD c:/program files (x86)/atollic/truestudio for arm 8.1.0/armtools/bin/../lib/gcc/arm-atollic-eabi/6.3.1/armv7e-m/fpu/crti.o
LOAD c:/program files (x86)/atollic/truestudio for arm 8.1.0/armtools/bin/../lib/gcc/arm-atollic-eabi/6.3.1/armv7e-m/fpu/crtbegin.o
LOAD Drivers\BSP\STM32F4xx-Nucleo\stm32f4xx_nucleo.o
LOAD Drivers\STM32F4xx_HAL_Driver\Src\stm32f4xx_hal.o
LOAD Drivers\STM32F4xx_HAL_Driver\Src\stm32f4xx_hal_adc.o
LOAD Drivers\STM32F4xx_HAL_Driver\Src\stm32f4xx_hal_adc_ex.o
LOAD Drivers\STM32F4xx_HAL_Driver\Src\stm32f4xx_hal_cortex.o
LOAD Drivers\STM32F4xx_HAL_Driver\Src\stm32f4xx_hal_crc.o
LOAD Drivers\STM32F4xx_HAL_Driver\Src\stm32f4xx_hal_dma.o
LOAD Drivers\STM32F4xx_HAL_Driver\Src\stm32f4xx_hal_dma2d.o
LOAD Drivers\STM32F4xx_HAL_Driver\Src\stm32f4xx_hal_dma_ex.o
LOAD Drivers\STM32F4xx_HAL_Driver\Src\stm32f4xx_hal_flash.o
LOAD Drivers\STM32F4xx_HAL_Driver\Src\stm32f4xx_hal_flash_ex.o
LOAD Drivers\STM32F4xx_HAL_Driver\Src\stm32f4xx_hal_flash_ramfunc.o
LOAD Drivers\STM32F4xx_HAL_Driver\Src\stm32f4xx_hal_gpio.o
LOAD Drivers\STM32F4xx_HAL_Driver\Src\stm32f4xx_hal_i2c.o
LOAD Drivers\STM32F4xx_HAL_Driver\Src\stm32f4xx_hal_i2c_ex.o
LOAD Drivers\STM32F4xx_HAL_Driver\Src\stm32f4xx_hal_nand.o
LOAD Drivers\STM32F4xx_HAL_Driver\Src\stm32f4xx_hal_nor.o
LOAD Drivers\STM32F4xx_HAL_Driver\Src\stm32f4xx_hal_pccard.o
LOAD Drivers\STM32F4xx_HAL_Driver\Src\stm32f4xx_hal_pwr.o
LOAD Drivers\STM32F4xx_HAL_Driver\Src\stm32f4xx_hal_pwr_ex.o
LOAD Drivers\STM32F4xx_HAL_Driver\Src\stm32f4xx_hal_rcc.o
LOAD Drivers\STM32F4xx_HAL_Driver\Src\stm32f4xx_hal_rcc_ex.o
LOAD Drivers\STM32F4xx_HAL_Driver\Src\stm32f4xx_hal_rtc.o
LOAD Drivers\STM32F4xx_HAL_Driver\Src\stm32f4xx_hal_rtc_ex.o
LOAD Drivers\STM32F4xx_HAL_Driver\Src\stm32f4xx_hal_sd.o
LOAD Drivers\STM32F4xx_HAL_Driver\Src\stm32f4xx_hal_sdram.o
LOAD Drivers\STM32F4xx_HAL_Driver\Src\stm32f4xx_hal_smartcard.o
LOAD Drivers\STM32F4xx_HAL_Driver\Src\stm32f4xx_hal_spi.o
LOAD Drivers\STM32F4xx_HAL_Driver\Src\stm32f4xx_hal_sram.o
LOAD Drivers\STM32F4xx_HAL_Driver\Src\stm32f4xx_hal_tim.o
LOAD Drivers\STM32F4xx_HAL_Driver\Src\stm32f4xx_hal_tim_ex.o
LOAD Drivers\STM32F4xx_HAL_Driver\Src\stm32f4xx_hal_uart.o
LOAD Drivers\STM32F4xx_HAL_Driver\Src\stm32f4xx_hal_usart.o
LOAD Drivers\STM32F4xx_HAL_Driver\Src\stm32f4xx_hal_wwdg.o
LOAD src\ADC.o
LOAD src\bateria.o
LOAD src\delay.o
LOAD src\display.o
LOAD src\gps_v0.o
LOAD src\main.o
LOAD src\spi.o
LOAD src\startup_stm32f40xx.o
LOAD src\stm32f4xx_it.o
LOAD src\system_stm32f4xx.o
LOAD src\timer.o
LOAD src\tiny_printf.o
LOAD src\uart.o
                0x00000080                malloc_getpagesize_P = 0x80
START GROUP
LOAD c:/program files (x86)/atollic/truestudio for arm 8.1.0/armtools/bin/../lib/gcc/arm-atollic-eabi/6.3.1/../../../../arm-atollic-eabi/lib/armv7e-m/fpu\libc_nano.a
LOAD c:/program files (x86)/atollic/truestudio for arm 8.1.0/armtools/bin/../lib/gcc/arm-atollic-eabi/6.3.1/../../../../arm-atollic-eabi/lib/armv7e-m/fpu\libm.a
END GROUP
START GROUP
LOAD c:/program files (x86)/atollic/truestudio for arm 8.1.0/armtools/bin/../lib/gcc/arm-atollic-eabi/6.3.1/armv7e-m/fpu\libgcc.a
LOAD c:/program files (x86)/atollic/truestudio for arm 8.1.0/armtools/bin/../lib/gcc/arm-atollic-eabi/6.3.1/../../../../arm-atollic-eabi/lib/armv7e-m/fpu\libc_nano.a
END GROUP
START GROUP
LOAD c:/program files (x86)/atollic/truestudio for arm 8.1.0/armtools/bin/../lib/gcc/arm-atollic-eabi/6.3.1/armv7e-m/fpu\libgcc.a
LOAD c:/program files (x86)/atollic/truestudio for arm 8.1.0/armtools/bin/../lib/gcc/arm-atollic-eabi/6.3.1/../../../../arm-atollic-eabi/lib/armv7e-m/fpu\libc_nano.a
LOAD c:/program files (x86)/atollic/truestudio for arm 8.1.0/armtools/bin/../lib/gcc/arm-atollic-eabi/6.3.1/../../../../arm-atollic-eabi/lib/armv7e-m/fpu\libnosys.a
END GROUP
START GROUP
LOAD c:/program files (x86)/atollic/truestudio for arm 8.1.0/armtools/bin/../lib/gcc/arm-atollic-eabi/6.3.1/armv7e-m/fpu\libgcc.a
LOAD c:/program files (x86)/atollic/truestudio for arm 8.1.0/armtools/bin/../lib/gcc/arm-atollic-eabi/6.3.1/../../../../arm-atollic-eabi/lib/armv7e-m/fpu\libc_nano.a
LOAD c:/program files (x86)/atollic/truestudio for arm 8.1.0/armtools/bin/../lib/gcc/arm-atollic-eabi/6.3.1/../../../../arm-atollic-eabi/lib/armv7e-m/fpu\libnosys.a
END GROUP
LOAD c:/program files (x86)/atollic/truestudio for arm 8.1.0/armtools/bin/../lib/gcc/arm-atollic-eabi/6.3.1/armv7e-m/fpu/crtend.o
LOAD c:/program files (x86)/atollic/truestudio for arm 8.1.0/armtools/bin/../lib/gcc/arm-atollic-eabi/6.3.1/armv7e-m/fpu/crtn.o
                0x20018000                _estack = 0x20018000
                0x00000000                _Min_Heap_Size = 0x0
                0x00000400                _Min_Stack_Size = 0x400

.isr_vector     0x08000000      0x188
                0x08000000                . = ALIGN (0x4)
 *(.isr_vector)
 .isr_vector    0x08000000      0x188 src\startup_stm32f40xx.o
                0x08000000                g_pfnVectors
                0x08000188                . = ALIGN (0x4)

.text           0x08000188     0x7ce8
                0x08000188                . = ALIGN (0x4)
 *(.text)
 .text          0x08000188       0x40 c:/program files (x86)/atollic/truestudio for arm 8.1.0/armtools/bin/../lib/gcc/arm-atollic-eabi/6.3.1/armv7e-m/fpu/crtbegin.o
 .text          0x080001c8       0x14 c:/program files (x86)/atollic/truestudio for arm 8.1.0/armtools/bin/../lib/gcc/arm-atollic-eabi/6.3.1/../../../../arm-atollic-eabi/lib/armv7e-m/fpu\libc_nano.a(lib_a-strcmp.o)
                0x080001c8                strcmp
 .text          0x080001dc       0x10 c:/program files (x86)/atollic/truestudio for arm 8.1.0/armtools/bin/../lib/gcc/arm-atollic-eabi/6.3.1/../../../../arm-atollic-eabi/lib/armv7e-m/fpu\libc_nano.a(lib_a-strlen.o)
                0x080001dc                strlen
 .text          0x080001ec      0x370 c:/program files (x86)/atollic/truestudio for arm 8.1.0/armtools/bin/../lib/gcc/arm-atollic-eabi/6.3.1/armv7e-m/fpu\libgcc.a(_arm_addsubdf3.o)
                0x080001ec                __aeabi_drsub
                0x080001f4                __aeabi_dsub
                0x080001f4                __subdf3
                0x080001f8                __aeabi_dadd
                0x080001f8                __adddf3
                0x08000470                __floatunsidf
                0x08000470                __aeabi_ui2d
                0x08000490                __floatsidf
                0x08000490                __aeabi_i2d
                0x080004b4                __aeabi_f2d
                0x080004b4                __extendsfdf2
                0x080004f0                __floatundidf
                0x080004f0                __aeabi_ul2d
                0x08000500                __floatdidf
                0x08000500                __aeabi_l2d
 .text          0x0800055c      0x424 c:/program files (x86)/atollic/truestudio for arm 8.1.0/armtools/bin/../lib/gcc/arm-atollic-eabi/6.3.1/armv7e-m/fpu\libgcc.a(_arm_muldivdf3.o)
                0x0800055c                __aeabi_dmul
                0x0800055c                __muldf3
                0x080007b0                __divdf3
                0x080007b0                __aeabi_ddiv
 .text          0x08000980      0x110 c:/program files (x86)/atollic/truestudio for arm 8.1.0/armtools/bin/../lib/gcc/arm-atollic-eabi/6.3.1/armv7e-m/fpu\libgcc.a(_arm_cmpdf2.o)
                0x08000980                __gtdf2
                0x08000980                __gedf2
                0x08000988                __ltdf2
                0x08000988                __ledf2
                0x08000990                __nedf2
                0x08000990                __eqdf2
                0x08000990                __cmpdf2
                0x08000a0c                __aeabi_cdrcmple
                0x08000a1c                __aeabi_cdcmpeq
                0x08000a1c                __aeabi_cdcmple
                0x08000a2c                __aeabi_dcmpeq
                0x08000a40                __aeabi_dcmplt
                0x08000a54                __aeabi_dcmple
                0x08000a68                __aeabi_dcmpge
                0x08000a7c                __aeabi_dcmpgt
 .text          0x08000a90       0x50 c:/program files (x86)/atollic/truestudio for arm 8.1.0/armtools/bin/../lib/gcc/arm-atollic-eabi/6.3.1/armv7e-m/fpu\libgcc.a(_arm_fixdfsi.o)
                0x08000a90                __aeabi_d2iz
                0x08000a90                __fixdfsi
 .text          0x08000ae0       0x40 c:/program files (x86)/atollic/truestudio for arm 8.1.0/armtools/bin/../lib/gcc/arm-atollic-eabi/6.3.1/armv7e-m/fpu\libgcc.a(_arm_fixunsdfsi.o)
                0x08000ae0                __aeabi_d2uiz
                0x08000ae0                __fixunsdfsi
 *(.text*)
 .text.HAL_Init
                0x08000b20       0x44 Drivers\STM32F4xx_HAL_Driver\Src\stm32f4xx_hal.o
                0x08000b20                HAL_Init
 .text.HAL_MspInit
                0x08000b64        0xe Drivers\STM32F4xx_HAL_Driver\Src\stm32f4xx_hal.o
                0x08000b64                HAL_MspInit
 *fill*         0x08000b72        0x2 
 .text.HAL_InitTick
                0x08000b74       0x38 Drivers\STM32F4xx_HAL_Driver\Src\stm32f4xx_hal.o
                0x08000b74                HAL_InitTick
 .text.HAL_IncTick
                0x08000bac       0x1c Drivers\STM32F4xx_HAL_Driver\Src\stm32f4xx_hal.o
                0x08000bac                HAL_IncTick
 .text.HAL_GetTick
                0x08000bc8       0x18 Drivers\STM32F4xx_HAL_Driver\Src\stm32f4xx_hal.o
                0x08000bc8                HAL_GetTick
 .text.HAL_Delay
                0x08000be0       0x3a Drivers\STM32F4xx_HAL_Driver\Src\stm32f4xx_hal.o
                0x08000be0                HAL_Delay
 *fill*         0x08000c1a        0x2 
 .text.HAL_ADC_Start_IT
                0x08000c1c      0x160 Drivers\STM32F4xx_HAL_Driver\Src\stm32f4xx_hal_adc.o
                0x08000c1c                HAL_ADC_Start_IT
 .text.HAL_ADC_IRQHandler
                0x08000d7c      0x282 Drivers\STM32F4xx_HAL_Driver\Src\stm32f4xx_hal_adc.o
                0x08000d7c                HAL_ADC_IRQHandler
 .text.HAL_ADC_LevelOutOfWindowCallback
                0x08000ffe       0x14 Drivers\STM32F4xx_HAL_Driver\Src\stm32f4xx_hal_adc.o
                0x08000ffe                HAL_ADC_LevelOutOfWindowCallback
 .text.HAL_ADC_ErrorCallback
                0x08001012       0x14 Drivers\STM32F4xx_HAL_Driver\Src\stm32f4xx_hal_adc.o
                0x08001012                HAL_ADC_ErrorCallback
 .text.HAL_ADCEx_InjectedConvCpltCallback
                0x08001026       0x14 Drivers\STM32F4xx_HAL_Driver\Src\stm32f4xx_hal_adc_ex.o
                0x08001026                HAL_ADCEx_InjectedConvCpltCallback
 *fill*         0x0800103a        0x2 
 .text.NVIC_SetPriorityGrouping
                0x0800103c       0x48 Drivers\STM32F4xx_HAL_Driver\Src\stm32f4xx_hal_cortex.o
 .text.NVIC_GetPriorityGrouping
                0x08001084       0x1c Drivers\STM32F4xx_HAL_Driver\Src\stm32f4xx_hal_cortex.o
 .text.NVIC_EnableIRQ
                0x080010a0       0x34 Drivers\STM32F4xx_HAL_Driver\Src\stm32f4xx_hal_cortex.o
 .text.NVIC_DisableIRQ
                0x080010d4       0x34 Drivers\STM32F4xx_HAL_Driver\Src\stm32f4xx_hal_cortex.o
 .text.NVIC_SetPendingIRQ
                0x08001108       0x34 Drivers\STM32F4xx_HAL_Driver\Src\stm32f4xx_hal_cortex.o
 .text.NVIC_SetPriority
                0x0800113c       0x54 Drivers\STM32F4xx_HAL_Driver\Src\stm32f4xx_hal_cortex.o
 .text.NVIC_EncodePriority
                0x08001190       0x62 Drivers\STM32F4xx_HAL_Driver\Src\stm32f4xx_hal_cortex.o
 *fill*         0x080011f2        0x2 
 .text.SysTick_Config
                0x080011f4       0x44 Drivers\STM32F4xx_HAL_Driver\Src\stm32f4xx_hal_cortex.o
 .text.HAL_NVIC_SetPriorityGrouping
                0x08001238       0x16 Drivers\STM32F4xx_HAL_Driver\Src\stm32f4xx_hal_cortex.o
                0x08001238                HAL_NVIC_SetPriorityGrouping
 .text.HAL_NVIC_SetPriority
                0x0800124e       0x38 Drivers\STM32F4xx_HAL_Driver\Src\stm32f4xx_hal_cortex.o
                0x0800124e                HAL_NVIC_SetPriority
 .text.HAL_NVIC_EnableIRQ
                0x08001286       0x1c Drivers\STM32F4xx_HAL_Driver\Src\stm32f4xx_hal_cortex.o
                0x08001286                HAL_NVIC_EnableIRQ
 .text.HAL_NVIC_DisableIRQ
                0x080012a2       0x1c Drivers\STM32F4xx_HAL_Driver\Src\stm32f4xx_hal_cortex.o
                0x080012a2                HAL_NVIC_DisableIRQ
 .text.HAL_SYSTICK_Config
                0x080012be       0x18 Drivers\STM32F4xx_HAL_Driver\Src\stm32f4xx_hal_cortex.o
                0x080012be                HAL_SYSTICK_Config
 .text.HAL_NVIC_SetPendingIRQ
                0x080012d6       0x1c Drivers\STM32F4xx_HAL_Driver\Src\stm32f4xx_hal_cortex.o
                0x080012d6                HAL_NVIC_SetPendingIRQ
 .text.HAL_SYSTICK_IRQHandler
                0x080012f2        0xc Drivers\STM32F4xx_HAL_Driver\Src\stm32f4xx_hal_cortex.o
                0x080012f2                HAL_SYSTICK_IRQHandler
 .text.HAL_SYSTICK_Callback
                0x080012fe        0xe Drivers\STM32F4xx_HAL_Driver\Src\stm32f4xx_hal_cortex.o
                0x080012fe                HAL_SYSTICK_Callback
 .text.HAL_DMA_Init
                0x0800130c      0x15c Drivers\STM32F4xx_HAL_Driver\Src\stm32f4xx_hal_dma.o
                0x0800130c                HAL_DMA_Init
 .text.HAL_DMA_Start_IT
                0x08001468       0xc0 Drivers\STM32F4xx_HAL_Driver\Src\stm32f4xx_hal_dma.o
                0x08001468                HAL_DMA_Start_IT
 .text.HAL_DMA_Abort_IT
                0x08001528       0x44 Drivers\STM32F4xx_HAL_Driver\Src\stm32f4xx_hal_dma.o
                0x08001528                HAL_DMA_Abort_IT
 .text.HAL_DMA_IRQHandler
                0x0800156c      0x320 Drivers\STM32F4xx_HAL_Driver\Src\stm32f4xx_hal_dma.o
                0x0800156c                HAL_DMA_IRQHandler
 .text.DMA_SetConfig
                0x0800188c       0x5c Drivers\STM32F4xx_HAL_Driver\Src\stm32f4xx_hal_dma.o
 .text.DMA_CalcBaseAndBitshift
                0x080018e8       0x6c Drivers\STM32F4xx_HAL_Driver\Src\stm32f4xx_hal_dma.o
 .text.DMA_CheckFifoParam
                0x08001954       0xf4 Drivers\STM32F4xx_HAL_Driver\Src\stm32f4xx_hal_dma.o
 .text.HAL_GPIO_Init
                0x08001a48      0x304 Drivers\STM32F4xx_HAL_Driver\Src\stm32f4xx_hal_gpio.o
                0x08001a48                HAL_GPIO_Init
 .text.HAL_GPIO_WritePin
                0x08001d4c       0x32 Drivers\STM32F4xx_HAL_Driver\Src\stm32f4xx_hal_gpio.o
                0x08001d4c                HAL_GPIO_WritePin
 *fill*         0x08001d7e        0x2 
 .text.HAL_RCC_OscConfig
                0x08001d80      0x4b4 Drivers\STM32F4xx_HAL_Driver\Src\stm32f4xx_hal_rcc.o
                0x08001d80                HAL_RCC_OscConfig
 .text.HAL_RCC_ClockConfig
                0x08002234      0x224 Drivers\STM32F4xx_HAL_Driver\Src\stm32f4xx_hal_rcc.o
                0x08002234                HAL_RCC_ClockConfig
 .text.HAL_RCC_GetSysClockFreq
                0x08002458       0xfc Drivers\STM32F4xx_HAL_Driver\Src\stm32f4xx_hal_rcc.o
                0x08002458                HAL_RCC_GetSysClockFreq
 .text.HAL_RCC_GetHCLKFreq
                0x08002554       0x18 Drivers\STM32F4xx_HAL_Driver\Src\stm32f4xx_hal_rcc.o
                0x08002554                HAL_RCC_GetHCLKFreq
 .text.HAL_RCC_GetPCLK1Freq
                0x0800256c       0x44 Drivers\STM32F4xx_HAL_Driver\Src\stm32f4xx_hal_rcc.o
                0x0800256c                HAL_RCC_GetPCLK1Freq
 .text.HAL_RCC_GetPCLK2Freq
                0x080025b0       0x44 Drivers\STM32F4xx_HAL_Driver\Src\stm32f4xx_hal_rcc.o
                0x080025b0                HAL_RCC_GetPCLK2Freq
 .text.HAL_SPI_Init
                0x080025f4       0xd4 Drivers\STM32F4xx_HAL_Driver\Src\stm32f4xx_hal_spi.o
                0x080025f4                HAL_SPI_Init
 .text.HAL_SPI_MspInit
                0x080026c8       0x14 Drivers\STM32F4xx_HAL_Driver\Src\stm32f4xx_hal_spi.o
                0x080026c8                HAL_SPI_MspInit
 .text.HAL_SPI_TransmitReceive
                0x080026dc      0x422 Drivers\STM32F4xx_HAL_Driver\Src\stm32f4xx_hal_spi.o
                0x080026dc                HAL_SPI_TransmitReceive
 *fill*         0x08002afe        0x2 
 .text.HAL_SPI_IRQHandler
                0x08002b00      0x1b0 Drivers\STM32F4xx_HAL_Driver\Src\stm32f4xx_hal_spi.o
                0x08002b00                HAL_SPI_IRQHandler
 .text.HAL_SPI_ErrorCallback
                0x08002cb0       0x14 Drivers\STM32F4xx_HAL_Driver\Src\stm32f4xx_hal_spi.o
                0x08002cb0                HAL_SPI_ErrorCallback
 .text.HAL_SPI_GetState
                0x08002cc4       0x1c Drivers\STM32F4xx_HAL_Driver\Src\stm32f4xx_hal_spi.o
                0x08002cc4                HAL_SPI_GetState
 .text.SPI_DMAAbortOnError
                0x08002ce0       0x28 Drivers\STM32F4xx_HAL_Driver\Src\stm32f4xx_hal_spi.o
 .text.SPI_WaitFlagStateUntilTimeout
                0x08002d08       0xd2 Drivers\STM32F4xx_HAL_Driver\Src\stm32f4xx_hal_spi.o
 .text.SPI_CheckFlag_BSY
                0x08002dda       0x3c Drivers\STM32F4xx_HAL_Driver\Src\stm32f4xx_hal_spi.o
 .text.HAL_TIM_Base_Init
                0x08002e16       0x56 Drivers\STM32F4xx_HAL_Driver\Src\stm32f4xx_hal_tim.o
                0x08002e16                HAL_TIM_Base_Init
 .text.HAL_TIM_Base_MspInit
                0x08002e6c       0x14 Drivers\STM32F4xx_HAL_Driver\Src\stm32f4xx_hal_tim.o
                0x08002e6c                HAL_TIM_Base_MspInit
 .text.HAL_TIM_Base_Start_IT
                0x08002e80       0x36 Drivers\STM32F4xx_HAL_Driver\Src\stm32f4xx_hal_tim.o
                0x08002e80                HAL_TIM_Base_Start_IT
 .text.HAL_TIM_IRQHandler
                0x08002eb6      0x210 Drivers\STM32F4xx_HAL_Driver\Src\stm32f4xx_hal_tim.o
                0x08002eb6                HAL_TIM_IRQHandler
 .text.HAL_TIM_ConfigClockSource
                0x080030c6      0x1b6 Drivers\STM32F4xx_HAL_Driver\Src\stm32f4xx_hal_tim.o
                0x080030c6                HAL_TIM_ConfigClockSource
 .text.HAL_TIM_OC_DelayElapsedCallback
                0x0800327c       0x14 Drivers\STM32F4xx_HAL_Driver\Src\stm32f4xx_hal_tim.o
                0x0800327c                HAL_TIM_OC_DelayElapsedCallback
 .text.HAL_TIM_IC_CaptureCallback
                0x08003290       0x14 Drivers\STM32F4xx_HAL_Driver\Src\stm32f4xx_hal_tim.o
                0x08003290                HAL_TIM_IC_CaptureCallback
 .text.HAL_TIM_PWM_PulseFinishedCallback
                0x080032a4       0x14 Drivers\STM32F4xx_HAL_Driver\Src\stm32f4xx_hal_tim.o
                0x080032a4                HAL_TIM_PWM_PulseFinishedCallback
 .text.HAL_TIM_TriggerCallback
                0x080032b8       0x14 Drivers\STM32F4xx_HAL_Driver\Src\stm32f4xx_hal_tim.o
                0x080032b8                HAL_TIM_TriggerCallback
 .text.TIM_Base_SetConfig
                0x080032cc      0x108 Drivers\STM32F4xx_HAL_Driver\Src\stm32f4xx_hal_tim.o
                0x080032cc                TIM_Base_SetConfig
 .text.TIM_TI1_ConfigInputStage
                0x080033d4       0x66 Drivers\STM32F4xx_HAL_Driver\Src\stm32f4xx_hal_tim.o
 .text.TIM_TI2_ConfigInputStage
                0x0800343a       0x68 Drivers\STM32F4xx_HAL_Driver\Src\stm32f4xx_hal_tim.o
 .text.TIM_ITRx_SetConfig
                0x080034a2       0x40 Drivers\STM32F4xx_HAL_Driver\Src\stm32f4xx_hal_tim.o
 .text.TIM_ETR_SetConfig
                0x080034e2       0x44 Drivers\STM32F4xx_HAL_Driver\Src\stm32f4xx_hal_tim.o
 .text.HAL_TIMEx_CommutationCallback
                0x08003526       0x14 Drivers\STM32F4xx_HAL_Driver\Src\stm32f4xx_hal_tim_ex.o
                0x08003526                HAL_TIMEx_CommutationCallback
 .text.HAL_TIMEx_BreakCallback
                0x0800353a       0x14 Drivers\STM32F4xx_HAL_Driver\Src\stm32f4xx_hal_tim_ex.o
                0x0800353a                HAL_TIMEx_BreakCallback
 .text.HAL_UART_Init
                0x0800354e       0x9a Drivers\STM32F4xx_HAL_Driver\Src\stm32f4xx_hal_uart.o
                0x0800354e                HAL_UART_Init
 .text.HAL_UART_MspInit
                0x080035e8       0x14 Drivers\STM32F4xx_HAL_Driver\Src\stm32f4xx_hal_uart.o
                0x080035e8                HAL_UART_MspInit
 .text.HAL_UART_Transmit
                0x080035fc      0x130 Drivers\STM32F4xx_HAL_Driver\Src\stm32f4xx_hal_uart.o
                0x080035fc                HAL_UART_Transmit
 .text.HAL_UART_Transmit_DMA
                0x0800372c       0xd8 Drivers\STM32F4xx_HAL_Driver\Src\stm32f4xx_hal_uart.o
                0x0800372c                HAL_UART_Transmit_DMA
 .text.HAL_UART_Receive_DMA
                0x08003804      0x100 Drivers\STM32F4xx_HAL_Driver\Src\stm32f4xx_hal_uart.o
                0x08003804                HAL_UART_Receive_DMA
 .text.HAL_UART_IRQHandler
                0x08003904      0x1f8 Drivers\STM32F4xx_HAL_Driver\Src\stm32f4xx_hal_uart.o
                0x08003904                HAL_UART_IRQHandler
 .text.HAL_UART_TxHalfCpltCallback
                0x08003afc       0x14 Drivers\STM32F4xx_HAL_Driver\Src\stm32f4xx_hal_uart.o
                0x08003afc                HAL_UART_TxHalfCpltCallback
 .text.HAL_UART_RxHalfCpltCallback
                0x08003b10       0x14 Drivers\STM32F4xx_HAL_Driver\Src\stm32f4xx_hal_uart.o
                0x08003b10                HAL_UART_RxHalfCpltCallback
 .text.HAL_UART_ErrorCallback
                0x08003b24       0x14 Drivers\STM32F4xx_HAL_Driver\Src\stm32f4xx_hal_uart.o
                0x08003b24                HAL_UART_ErrorCallback
 .text.UART_DMATransmitCplt
                0x08003b38       0x52 Drivers\STM32F4xx_HAL_Driver\Src\stm32f4xx_hal_uart.o
 .text.UART_DMATxHalfCplt
                0x08003b8a       0x1c Drivers\STM32F4xx_HAL_Driver\Src\stm32f4xx_hal_uart.o
 .text.UART_DMAReceiveCplt
                0x08003ba6       0x68 Drivers\STM32F4xx_HAL_Driver\Src\stm32f4xx_hal_uart.o
 .text.UART_DMARxHalfCplt
                0x08003c0e       0x1c Drivers\STM32F4xx_HAL_Driver\Src\stm32f4xx_hal_uart.o
 .text.UART_DMAError
                0x08003c2a       0x94 Drivers\STM32F4xx_HAL_Driver\Src\stm32f4xx_hal_uart.o
 .text.UART_WaitOnFlagUntilTimeout
                0x08003cbe       0x94 Drivers\STM32F4xx_HAL_Driver\Src\stm32f4xx_hal_uart.o
 .text.UART_EndTxTransfer
                0x08003d52       0x2c Drivers\STM32F4xx_HAL_Driver\Src\stm32f4xx_hal_uart.o
 .text.UART_EndRxTransfer
                0x08003d7e       0x3c Drivers\STM32F4xx_HAL_Driver\Src\stm32f4xx_hal_uart.o
 .text.UART_DMAAbortOnError
                0x08003dba       0x28 Drivers\STM32F4xx_HAL_Driver\Src\stm32f4xx_hal_uart.o
 .text.UART_Transmit_IT
                0x08003de2       0xaa Drivers\STM32F4xx_HAL_Driver\Src\stm32f4xx_hal_uart.o
 .text.UART_EndTransmit_IT
                0x08003e8c       0x30 Drivers\STM32F4xx_HAL_Driver\Src\stm32f4xx_hal_uart.o
 .text.UART_Receive_IT
                0x08003ebc       0xf2 Drivers\STM32F4xx_HAL_Driver\Src\stm32f4xx_hal_uart.o
 *fill*         0x08003fae        0x2 
 .text.UART_SetConfig
                0x08003fb0      0x438 Drivers\STM32F4xx_HAL_Driver\Src\stm32f4xx_hal_uart.o
 .text.DMA_Config
                0x080043e8       0x90 src\ADC.o
                0x080043e8                DMA_Config
 .text.DMA_Init
                0x08004478       0x18 src\ADC.o
                0x08004478                DMA_Init
 .text.HAL_ADC_ConvCpltCallback
                0x08004490       0x1c src\ADC.o
                0x08004490                HAL_ADC_ConvCpltCallback
 .text.crear_matrices
                0x080044ac      0x130 src\bateria.o
                0x080044ac                crear_matrices
 .text.LCD_Config
                0x080045dc       0x90 src\display.o
                0x080045dc                LCD_Config
 .text.writePin
                0x0800466c       0x4c src\display.o
                0x0800466c                writePin
 .text.LCD_Enable
                0x080046b8       0x22 src\display.o
                0x080046b8                LCD_Enable
 *fill*         0x080046da        0x2 
 .text.LCD_Output
                0x080046dc      0x120 src\display.o
                0x080046dc                LCD_Output
 .text.LCD_Command
                0x080047fc       0x24 src\display.o
                0x080047fc                LCD_Command
 .text.LCD_Data
                0x08004820       0x24 src\display.o
                0x08004820                LCD_Data
 .text.LCD_BuildChar
                0x08004844       0x4a src\display.o
                0x08004844                LCD_BuildChar
 *fill*         0x0800488e        0x2 
 .text.LCD_Init
                0x08004890       0xcc src\display.o
                0x08004890                LCD_Init
 .text.inicializar_gps
                0x0800495c       0xd0 src\gps_v0.o
                0x0800495c                inicializar_gps
 .text.guardar_coordenadas
                0x08004a2c       0x4c src\gps_v0.o
                0x08004a2c                guardar_coordenadas
 .text.obtener_coordenadas
                0x08004a78      0x3ec src\gps_v0.o
                0x08004a78                obtener_coordenadas
 .text.enviar_coord_lora
                0x08004e64      0x208 src\gps_v0.o
                0x08004e64                enviar_coord_lora
 *fill*         0x0800506c        0x4 
 .text.formatoLat
                0x08005070      0x1ac src\gps_v0.o
                0x08005070                formatoLat
 *fill*         0x0800521c        0x4 
 .text.formatoLong
                0x08005220      0x1ac src\gps_v0.o
                0x08005220                formatoLong
 .text.formatoHora
                0x080053cc       0xf4 src\gps_v0.o
                0x080053cc                formatoHora
 .text.formatoFecha
                0x080054c0       0x60 src\gps_v0.o
                0x080054c0                formatoFecha
 .text.main     0x08005520      0x10c src\main.o
                0x08005520                main
 .text.SystemClock_Config
                0x0800562c       0xb8 src\main.o
                0x0800562c                SystemClock_Config
 .text.Error_Handler
                0x080056e4       0x24 src\main.o
                0x080056e4                Error_Handler
 .text.SPI_Config
                0x08005708       0xac src\spi.o
                0x08005708                SPI_Config
 .text.SPI_Init
                0x080057b4       0x64 src\spi.o
                0x080057b4                SPI_Init
 .text.Buffercmp
                0x08005818       0x44 src\spi.o
                0x08005818                Buffercmp
 .text.Flush_Buffer
                0x0800585c       0x30 src\spi.o
                0x0800585c                Flush_Buffer
 .text.Reset_Handler
                0x0800588c       0x50 src\startup_stm32f40xx.o
                0x0800588c                Reset_Handler
 .text.Default_Handler
                0x080058dc        0x2 src\startup_stm32f40xx.o
                0x080058dc                RTC_Alarm_IRQHandler
                0x080058dc                HASH_RNG_IRQHandler
                0x080058dc                EXTI2_IRQHandler
                0x080058dc                TIM8_CC_IRQHandler
                0x080058dc                TIM1_CC_IRQHandler
                0x080058dc                DMA2_Stream5_IRQHandler
                0x080058dc                DMA1_Stream5_IRQHandler
                0x080058dc                PVD_IRQHandler
                0x080058dc                SDIO_IRQHandler
                0x080058dc                TAMP_STAMP_IRQHandler
                0x080058dc                CAN2_RX1_IRQHandler
                0x080058dc                EXTI3_IRQHandler
                0x080058dc                TIM8_TRG_COM_TIM14_IRQHandler
                0x080058dc                TIM1_UP_TIM10_IRQHandler
                0x080058dc                TIM8_UP_TIM13_IRQHandler
                0x080058dc                I2C3_ER_IRQHandler
                0x080058dc                EXTI0_IRQHandler
                0x080058dc                I2C2_EV_IRQHandler
                0x080058dc                DMA1_Stream2_IRQHandler
                0x080058dc                CAN1_RX0_IRQHandler
                0x080058dc                FPU_IRQHandler
                0x080058dc                OTG_HS_WKUP_IRQHandler
                0x080058dc                CAN2_SCE_IRQHandler
                0x080058dc                DMA2_Stream2_IRQHandler
                0x080058dc                SPI1_IRQHandler
                0x080058dc                TIM6_DAC_IRQHandler
                0x080058dc                TIM1_BRK_TIM9_IRQHandler
                0x080058dc                DCMI_IRQHandler
                0x080058dc                CAN2_RX0_IRQHandler
                0x080058dc                DMA2_Stream3_IRQHandler
                0x080058dc                USART6_IRQHandler
                0x080058dc                USART3_IRQHandler
                0x080058dc                CRYP_IRQHandler
                0x080058dc                CAN1_RX1_IRQHandler
                0x080058dc                UART5_IRQHandler
                0x080058dc                TIM4_IRQHandler
                0x080058dc                I2C1_EV_IRQHandler
                0x080058dc                DMA1_Stream6_IRQHandler
                0x080058dc                DMA1_Stream1_IRQHandler
                0x080058dc                UART4_IRQHandler
                0x080058dc                TIM3_IRQHandler
                0x080058dc                RCC_IRQHandler
                0x080058dc                TIM8_BRK_TIM12_IRQHandler
                0x080058dc                Default_Handler
                0x080058dc                EXTI15_10_IRQHandler
                0x080058dc                DMA1_Stream7_IRQHandler
                0x080058dc                TIM7_IRQHandler
                0x080058dc                CAN2_TX_IRQHandler
                0x080058dc                TIM5_IRQHandler
                0x080058dc                DMA2_Stream7_IRQHandler
                0x080058dc                I2C3_EV_IRQHandler
                0x080058dc                EXTI9_5_IRQHandler
                0x080058dc                RTC_WKUP_IRQHandler
                0x080058dc                ETH_WKUP_IRQHandler
                0x080058dc                OTG_HS_EP1_IN_IRQHandler
                0x080058dc                DMA1_Stream0_IRQHandler
                0x080058dc                CAN1_TX_IRQHandler
                0x080058dc                EXTI4_IRQHandler
                0x080058dc                FSMC_IRQHandler
                0x080058dc                ETH_IRQHandler
                0x080058dc                OTG_HS_EP1_OUT_IRQHandler
                0x080058dc                WWDG_IRQHandler
                0x080058dc                OTG_FS_WKUP_IRQHandler
                0x080058dc                TIM1_TRG_COM_TIM11_IRQHandler
                0x080058dc                OTG_HS_IRQHandler
                0x080058dc                EXTI1_IRQHandler
                0x080058dc                I2C2_ER_IRQHandler
                0x080058dc                CAN1_SCE_IRQHandler
                0x080058dc                FLASH_IRQHandler
                0x080058dc                DMA2_Stream4_IRQHandler
                0x080058dc                USART1_IRQHandler
                0x080058dc                OTG_FS_IRQHandler
                0x080058dc                SPI3_IRQHandler
                0x080058dc                DMA1_Stream4_IRQHandler
                0x080058dc                I2C1_ER_IRQHandler
                0x080058dc                DMA1_Stream3_IRQHandler
 .text.NMI_Handler
                0x080058de        0xe src\stm32f4xx_it.o
                0x080058de                NMI_Handler
 .text.HardFault_Handler
                0x080058ec        0x6 src\stm32f4xx_it.o
                0x080058ec                HardFault_Handler
 .text.MemManage_Handler
                0x080058f2        0x6 src\stm32f4xx_it.o
                0x080058f2                MemManage_Handler
 .text.BusFault_Handler
                0x080058f8        0x6 src\stm32f4xx_it.o
                0x080058f8                BusFault_Handler
 .text.UsageFault_Handler
                0x080058fe        0x6 src\stm32f4xx_it.o
                0x080058fe                UsageFault_Handler
 .text.SVC_Handler
                0x08005904        0xe src\stm32f4xx_it.o
                0x08005904                SVC_Handler
 .text.DebugMon_Handler
                0x08005912        0xe src\stm32f4xx_it.o
                0x08005912                DebugMon_Handler
 .text.PendSV_Handler
                0x08005920        0xe src\stm32f4xx_it.o
                0x08005920                PendSV_Handler
 .text.SysTick_Handler
                0x0800592e       0x10 src\stm32f4xx_it.o
                0x0800592e                SysTick_Handler
 *fill*         0x0800593e        0x2 
 .text.ADC_IRQHandler
                0x08005940       0x14 src\stm32f4xx_it.o
                0x08005940                ADC_IRQHandler
 .text.SPI2_IRQHandler
                0x08005954       0x14 src\stm32f4xx_it.o
                0x08005954                SPI2_IRQHandler
 .text.USART2_IRQHandler
                0x08005968       0x14 src\stm32f4xx_it.o
                0x08005968                USART2_IRQHandler
 .text.DMA2_Stream0_IRQHandler
                0x0800597c       0x14 src\stm32f4xx_it.o
                0x0800597c                DMA2_Stream0_IRQHandler
 .text.DMA2_Stream1_IRQHandler
                0x08005990       0x14 src\stm32f4xx_it.o
                0x08005990                DMA2_Stream1_IRQHandler
 .text.DMA2_Stream6_IRQHandler
                0x080059a4       0x14 src\stm32f4xx_it.o
                0x080059a4                DMA2_Stream6_IRQHandler
 .text.TIM2_IRQHandler
                0x080059b8       0x14 src\stm32f4xx_it.o
                0x080059b8                TIM2_IRQHandler
 .text.SystemInit
                0x080059cc       0x6c src\system_stm32f4xx.o
                0x080059cc                SystemInit
 .text.TIM2_Config
                0x08005a38       0x90 src\timer.o
                0x08005a38                TIM2_Config
 .text.TIM2_Init
                0x08005ac8        0xe src\timer.o
                0x08005ac8                TIM2_Init
 *fill*         0x08005ad6        0x2 
 .text.HAL_TIM_PeriodElapsedCallback
                0x08005ad8       0x2c src\timer.o
                0x08005ad8                HAL_TIM_PeriodElapsedCallback
 .text.ts_itoa  0x08005b04       0x92 src\tiny_printf.o
                0x08005b04                ts_itoa
 .text.ts_formatstring
                0x08005b96      0x12e src\tiny_printf.o
                0x08005b96                ts_formatstring
 .text.siprintf
                0x08005cc4       0x2c src\tiny_printf.o
                0x08005cc4                siprintf
                0x08005cc4                sprintf
 .text.UART_Config
                0x08005cf0      0x18c src\uart.o
                0x08005cf0                UART_Config
 .text.UART2_Init
                0x08005e7c       0x58 src\uart.o
                0x08005e7c                UART2_Init
 .text.UART6_Init
                0x08005ed4       0x48 src\uart.o
                0x08005ed4                UART6_Init
 .text.HAL_UART_TxCpltCallback
                0x08005f1c       0x4c src\uart.o
                0x08005f1c                HAL_UART_TxCpltCallback
 .text.HAL_UART_RxCpltCallback
                0x08005f68       0x54 src\uart.o
                0x08005f68                HAL_UART_RxCpltCallback
 .text.atof     0x08005fbc        0x6 c:/program files (x86)/atollic/truestudio for arm 8.1.0/armtools/bin/../lib/gcc/arm-atollic-eabi/6.3.1/../../../../arm-atollic-eabi/lib/armv7e-m/fpu\libc_nano.a(lib_a-atof.o)
                0x08005fbc                atof
 .text.atoi     0x08005fc2        0x8 c:/program files (x86)/atollic/truestudio for arm 8.1.0/armtools/bin/../lib/gcc/arm-atollic-eabi/6.3.1/../../../../arm-atollic-eabi/lib/armv7e-m/fpu\libc_nano.a(lib_a-atoi.o)
                0x08005fc2                atoi
 *fill*         0x08005fca        0x2 
 .text.__libc_init_array
                0x08005fcc       0x48 c:/program files (x86)/atollic/truestudio for arm 8.1.0/armtools/bin/../lib/gcc/arm-atollic-eabi/6.3.1/../../../../arm-atollic-eabi/lib/armv7e-m/fpu\libc_nano.a(lib_a-init.o)
                0x08005fcc                __libc_init_array
 .text.malloc   0x08006014       0x10 c:/program files (x86)/atollic/truestudio for arm 8.1.0/armtools/bin/../lib/gcc/arm-atollic-eabi/6.3.1/../../../../arm-atollic-eabi/lib/armv7e-m/fpu\libc_nano.a(lib_a-malloc.o)
                0x08006014                malloc
 .text.memset   0x08006024       0x10 c:/program files (x86)/atollic/truestudio for arm 8.1.0/armtools/bin/../lib/gcc/arm-atollic-eabi/6.3.1/../../../../arm-atollic-eabi/lib/armv7e-m/fpu\libc_nano.a(lib_a-memset.o)
                0x08006024                memset
 .text._malloc_r
                0x08006034       0xbc c:/program files (x86)/atollic/truestudio for arm 8.1.0/armtools/bin/../lib/gcc/arm-atollic-eabi/6.3.1/../../../../arm-atollic-eabi/lib/armv7e-m/fpu\libc_nano.a(lib_a-nano-mallocr.o)
                0x08006034                _malloc_r
 .text._sbrk_r  0x080060f0       0x20 c:/program files (x86)/atollic/truestudio for arm 8.1.0/armtools/bin/../lib/gcc/arm-atollic-eabi/6.3.1/../../../../arm-atollic-eabi/lib/armv7e-m/fpu\libc_nano.a(lib_a-sbrkr.o)
                0x080060f0                _sbrk_r
 .text.strchr   0x08006110       0x1c c:/program files (x86)/atollic/truestudio for arm 8.1.0/armtools/bin/../lib/gcc/arm-atollic-eabi/6.3.1/../../../../arm-atollic-eabi/lib/armv7e-m/fpu\libc_nano.a(lib_a-strchr.o)
                0x08006110                strchr
 .text.strcpy   0x0800612c       0x10 c:/program files (x86)/atollic/truestudio for arm 8.1.0/armtools/bin/../lib/gcc/arm-atollic-eabi/6.3.1/../../../../arm-atollic-eabi/lib/armv7e-m/fpu\libc_nano.a(lib_a-strcpy.o)
                0x0800612c                strcpy
 .text.strstr   0x0800613c       0x36 c:/program files (x86)/atollic/truestudio for arm 8.1.0/armtools/bin/../lib/gcc/arm-atollic-eabi/6.3.1/../../../../arm-atollic-eabi/lib/armv7e-m/fpu\libc_nano.a(lib_a-strstr.o)
                0x0800613c                strstr
 .text.unlikely.sulp
                0x08006172       0x38 c:/program files (x86)/atollic/truestudio for arm 8.1.0/armtools/bin/../lib/gcc/arm-atollic-eabi/6.3.1/../../../../arm-atollic-eabi/lib/armv7e-m/fpu\libc_nano.a(lib_a-strtod.o)
 *fill*         0x080061aa        0x6 
 .text._strtod_l
                0x080061b0      0xbd8 c:/program files (x86)/atollic/truestudio for arm 8.1.0/armtools/bin/../lib/gcc/arm-atollic-eabi/6.3.1/../../../../arm-atollic-eabi/lib/armv7e-m/fpu\libc_nano.a(lib_a-strtod.o)
                0x080061b0                _strtod_l
 .text.strtod   0x08006d88       0x28 c:/program files (x86)/atollic/truestudio for arm 8.1.0/armtools/bin/../lib/gcc/arm-atollic-eabi/6.3.1/../../../../arm-atollic-eabi/lib/armv7e-m/fpu\libc_nano.a(lib_a-strtod.o)
                0x08006d88                strtod
 .text.strtok   0x08006db0       0x54 c:/program files (x86)/atollic/truestudio for arm 8.1.0/armtools/bin/../lib/gcc/arm-atollic-eabi/6.3.1/../../../../arm-atollic-eabi/lib/armv7e-m/fpu\libc_nano.a(lib_a-strtok.o)
                0x08006db0                strtok
 .text.__strtok_r
                0x08006e04       0x52 c:/program files (x86)/atollic/truestudio for arm 8.1.0/armtools/bin/../lib/gcc/arm-atollic-eabi/6.3.1/../../../../arm-atollic-eabi/lib/armv7e-m/fpu\libc_nano.a(lib_a-strtok_r.o)
                0x08006e04                __strtok_r
 .text._strtol_l.isra.0
                0x08006e56      0x100 c:/program files (x86)/atollic/truestudio for arm 8.1.0/armtools/bin/../lib/gcc/arm-atollic-eabi/6.3.1/../../../../arm-atollic-eabi/lib/armv7e-m/fpu\libc_nano.a(lib_a-strtol.o)
 *fill*         0x08006f56        0x2 
 .text.strtol   0x08006f58       0x2c c:/program files (x86)/atollic/truestudio for arm 8.1.0/armtools/bin/../lib/gcc/arm-atollic-eabi/6.3.1/../../../../arm-atollic-eabi/lib/armv7e-m/fpu\libc_nano.a(lib_a-strtol.o)
                0x08006f58                strtol
 .text.rshift   0x08006f84       0x6a c:/program files (x86)/atollic/truestudio for arm 8.1.0/armtools/bin/../lib/gcc/arm-atollic-eabi/6.3.1/../../../../arm-atollic-eabi/lib/armv7e-m/fpu\libc_nano.a(lib_a-gdtoa-gethex.o)
 .text.__hexdig_fun
                0x08006fee       0x2a c:/program files (x86)/atollic/truestudio for arm 8.1.0/armtools/bin/../lib/gcc/arm-atollic-eabi/6.3.1/../../../../arm-atollic-eabi/lib/armv7e-m/fpu\libc_nano.a(lib_a-gdtoa-gethex.o)
                0x08006fee                __hexdig_fun
 .text.__gethex
                0x08007018      0x43c c:/program files (x86)/atollic/truestudio for arm 8.1.0/armtools/bin/../lib/gcc/arm-atollic-eabi/6.3.1/../../../../arm-atollic-eabi/lib/armv7e-m/fpu\libc_nano.a(lib_a-gdtoa-gethex.o)
                0x08007018                __gethex
 .text.L_shift  0x08007454       0x24 c:/program files (x86)/atollic/truestudio for arm 8.1.0/armtools/bin/../lib/gcc/arm-atollic-eabi/6.3.1/../../../../arm-atollic-eabi/lib/armv7e-m/fpu\libc_nano.a(lib_a-gdtoa-hexnan.o)
 .text.__match  0x08007478       0x26 c:/program files (x86)/atollic/truestudio for arm 8.1.0/armtools/bin/../lib/gcc/arm-atollic-eabi/6.3.1/../../../../arm-atollic-eabi/lib/armv7e-m/fpu\libc_nano.a(lib_a-gdtoa-hexnan.o)
                0x08007478                __match
 .text.__hexnan
                0x0800749e      0x120 c:/program files (x86)/atollic/truestudio for arm 8.1.0/armtools/bin/../lib/gcc/arm-atollic-eabi/6.3.1/../../../../arm-atollic-eabi/lib/armv7e-m/fpu\libc_nano.a(lib_a-gdtoa-hexnan.o)
                0x0800749e                __hexnan
 .text.__locale_ctype_ptr_l
                0x080075be        0x6 c:/program files (x86)/atollic/truestudio for arm 8.1.0/armtools/bin/../lib/gcc/arm-atollic-eabi/6.3.1/../../../../arm-atollic-eabi/lib/armv7e-m/fpu\libc_nano.a(lib_a-locale.o)
                0x080075be                __locale_ctype_ptr_l
 .text.__localeconv_l
                0x080075c4        0x4 c:/program files (x86)/atollic/truestudio for arm 8.1.0/armtools/bin/../lib/gcc/arm-atollic-eabi/6.3.1/../../../../arm-atollic-eabi/lib/armv7e-m/fpu\libc_nano.a(lib_a-localeconv.o)
                0x080075c4                __localeconv_l
 .text.__ascii_mbtowc
                0x080075c8       0x24 c:/program files (x86)/atollic/truestudio for arm 8.1.0/armtools/bin/../lib/gcc/arm-atollic-eabi/6.3.1/../../../../arm-atollic-eabi/lib/armv7e-m/fpu\libc_nano.a(lib_a-mbtowc_r.o)
                0x080075c8                __ascii_mbtowc
 .text.memcpy   0x080075ec       0x16 c:/program files (x86)/atollic/truestudio for arm 8.1.0/armtools/bin/../lib/gcc/arm-atollic-eabi/6.3.1/../../../../arm-atollic-eabi/lib/armv7e-m/fpu\libc_nano.a(lib_a-memcpy-stub.o)
                0x080075ec                memcpy
 .text.__malloc_lock
                0x08007602        0x2 c:/program files (x86)/atollic/truestudio for arm 8.1.0/armtools/bin/../lib/gcc/arm-atollic-eabi/6.3.1/../../../../arm-atollic-eabi/lib/armv7e-m/fpu\libc_nano.a(lib_a-mlock.o)
                0x08007602                __malloc_lock
 .text.__malloc_unlock
                0x08007604        0x2 c:/program files (x86)/atollic/truestudio for arm 8.1.0/armtools/bin/../lib/gcc/arm-atollic-eabi/6.3.1/../../../../arm-atollic-eabi/lib/armv7e-m/fpu\libc_nano.a(lib_a-mlock.o)
                0x08007604                __malloc_unlock
 .text._Balloc  0x08007606       0x68 c:/program files (x86)/atollic/truestudio for arm 8.1.0/armtools/bin/../lib/gcc/arm-atollic-eabi/6.3.1/../../../../arm-atollic-eabi/lib/armv7e-m/fpu\libc_nano.a(lib_a-mprec.o)
                0x08007606                _Balloc
 .text._Bfree   0x0800766e       0x2e c:/program files (x86)/atollic/truestudio for arm 8.1.0/armtools/bin/../lib/gcc/arm-atollic-eabi/6.3.1/../../../../arm-atollic-eabi/lib/armv7e-m/fpu\libc_nano.a(lib_a-mprec.o)
                0x0800766e                _Bfree
 .text.__multadd
                0x0800769c       0x76 c:/program files (x86)/atollic/truestudio for arm 8.1.0/armtools/bin/../lib/gcc/arm-atollic-eabi/6.3.1/../../../../arm-atollic-eabi/lib/armv7e-m/fpu\libc_nano.a(lib_a-mprec.o)
                0x0800769c                __multadd
 .text.__s2b    0x08007712       0x7c c:/program files (x86)/atollic/truestudio for arm 8.1.0/armtools/bin/../lib/gcc/arm-atollic-eabi/6.3.1/../../../../arm-atollic-eabi/lib/armv7e-m/fpu\libc_nano.a(lib_a-mprec.o)
                0x08007712                __s2b
 .text.__hi0bits
                0x0800778e       0x3e c:/program files (x86)/atollic/truestudio for arm 8.1.0/armtools/bin/../lib/gcc/arm-atollic-eabi/6.3.1/../../../../arm-atollic-eabi/lib/armv7e-m/fpu\libc_nano.a(lib_a-mprec.o)
                0x0800778e                __hi0bits
 .text.__lo0bits
                0x080077cc       0x5e c:/program files (x86)/atollic/truestudio for arm 8.1.0/armtools/bin/../lib/gcc/arm-atollic-eabi/6.3.1/../../../../arm-atollic-eabi/lib/armv7e-m/fpu\libc_nano.a(lib_a-mprec.o)
                0x080077cc                __lo0bits
 .text.__i2b    0x0800782a       0x12 c:/program files (x86)/atollic/truestudio for arm 8.1.0/armtools/bin/../lib/gcc/arm-atollic-eabi/6.3.1/../../../../arm-atollic-eabi/lib/armv7e-m/fpu\libc_nano.a(lib_a-mprec.o)
                0x0800782a                __i2b
 .text.__multiply
                0x0800783c      0x11a c:/program files (x86)/atollic/truestudio for arm 8.1.0/armtools/bin/../lib/gcc/arm-atollic-eabi/6.3.1/../../../../arm-atollic-eabi/lib/armv7e-m/fpu\libc_nano.a(lib_a-mprec.o)
                0x0800783c                __multiply
 *fill*         0x08007956        0x2 
 .text.__pow5mult
                0x08007958       0x9c c:/program files (x86)/atollic/truestudio for arm 8.1.0/armtools/bin/../lib/gcc/arm-atollic-eabi/6.3.1/../../../../arm-atollic-eabi/lib/armv7e-m/fpu\libc_nano.a(lib_a-mprec.o)
                0x08007958                __pow5mult
 .text.__lshift
                0x080079f4       0xa2 c:/program files (x86)/atollic/truestudio for arm 8.1.0/armtools/bin/../lib/gcc/arm-atollic-eabi/6.3.1/../../../../arm-atollic-eabi/lib/armv7e-m/fpu\libc_nano.a(lib_a-mprec.o)
                0x080079f4                __lshift
 .text.__mcmp   0x08007a96       0x34 c:/program files (x86)/atollic/truestudio for arm 8.1.0/armtools/bin/../lib/gcc/arm-atollic-eabi/6.3.1/../../../../arm-atollic-eabi/lib/armv7e-m/fpu\libc_nano.a(lib_a-mprec.o)
                0x08007a96                __mcmp
 .text.__mdiff  0x08007aca       0xbc c:/program files (x86)/atollic/truestudio for arm 8.1.0/armtools/bin/../lib/gcc/arm-atollic-eabi/6.3.1/../../../../arm-atollic-eabi/lib/armv7e-m/fpu\libc_nano.a(lib_a-mprec.o)
                0x08007aca                __mdiff
 *fill*         0x08007b86        0x2 
 .text.__ulp    0x08007b88       0x50 c:/program files (x86)/atollic/truestudio for arm 8.1.0/armtools/bin/../lib/gcc/arm-atollic-eabi/6.3.1/../../../../arm-atollic-eabi/lib/armv7e-m/fpu\libc_nano.a(lib_a-mprec.o)
                0x08007b88                __ulp
 .text.__b2d    0x08007bd8       0x9c c:/program files (x86)/atollic/truestudio for arm 8.1.0/armtools/bin/../lib/gcc/arm-atollic-eabi/6.3.1/../../../../arm-atollic-eabi/lib/armv7e-m/fpu\libc_nano.a(lib_a-mprec.o)
                0x08007bd8                __b2d
 .text.__d2b    0x08007c74       0x9e c:/program files (x86)/atollic/truestudio for arm 8.1.0/armtools/bin/../lib/gcc/arm-atollic-eabi/6.3.1/../../../../arm-atollic-eabi/lib/armv7e-m/fpu\libc_nano.a(lib_a-mprec.o)
                0x08007c74                __d2b
 .text.__ratio  0x08007d12       0x58 c:/program files (x86)/atollic/truestudio for arm 8.1.0/armtools/bin/../lib/gcc/arm-atollic-eabi/6.3.1/../../../../arm-atollic-eabi/lib/armv7e-m/fpu\libc_nano.a(lib_a-mprec.o)
                0x08007d12                __ratio
 .text.__copybits
                0x08007d6a       0x34 c:/program files (x86)/atollic/truestudio for arm 8.1.0/armtools/bin/../lib/gcc/arm-atollic-eabi/6.3.1/../../../../arm-atollic-eabi/lib/armv7e-m/fpu\libc_nano.a(lib_a-mprec.o)
                0x08007d6a                __copybits
 .text.__any_on
                0x08007d9e       0x42 c:/program files (x86)/atollic/truestudio for arm 8.1.0/armtools/bin/../lib/gcc/arm-atollic-eabi/6.3.1/../../../../arm-atollic-eabi/lib/armv7e-m/fpu\libc_nano.a(lib_a-mprec.o)
                0x08007d9e                __any_on
 .text._calloc_r
                0x08007de0       0x1c c:/program files (x86)/atollic/truestudio for arm 8.1.0/armtools/bin/../lib/gcc/arm-atollic-eabi/6.3.1/../../../../arm-atollic-eabi/lib/armv7e-m/fpu\libc_nano.a(lib_a-nano-callocr.o)
                0x08007de0                _calloc_r
 .text.strncmp  0x08007dfc       0x24 c:/program files (x86)/atollic/truestudio for arm 8.1.0/armtools/bin/../lib/gcc/arm-atollic-eabi/6.3.1/../../../../arm-atollic-eabi/lib/armv7e-m/fpu\libc_nano.a(lib_a-strncmp.o)
                0x08007dfc                strncmp
 .text.__ascii_wctomb
                0x08007e20       0x1a c:/program files (x86)/atollic/truestudio for arm 8.1.0/armtools/bin/../lib/gcc/arm-atollic-eabi/6.3.1/../../../../arm-atollic-eabi/lib/armv7e-m/fpu\libc_nano.a(lib_a-wctomb_r.o)
                0x08007e20                __ascii_wctomb
 *fill*         0x08007e3a        0x2 
 .text._sbrk    0x08007e3c       0x1c c:/program files (x86)/atollic/truestudio for arm 8.1.0/armtools/bin/../lib/gcc/arm-atollic-eabi/6.3.1/../../../../arm-atollic-eabi/lib/armv7e-m/fpu\libnosys.a(sbrk.o)
                0x08007e3c                _sbrk
 *(.glue_7)
 .glue_7        0x08007e58        0x0 linker stubs
 *(.glue_7t)
 .glue_7t       0x08007e58        0x0 linker stubs
 *(.eh_frame)
 .eh_frame      0x08007e58        0x0 c:/program files (x86)/atollic/truestudio for arm 8.1.0/armtools/bin/../lib/gcc/arm-atollic-eabi/6.3.1/armv7e-m/fpu/crtbegin.o
 *(.init)
 .init          0x08007e58        0x4 c:/program files (x86)/atollic/truestudio for arm 8.1.0/armtools/bin/../lib/gcc/arm-atollic-eabi/6.3.1/armv7e-m/fpu/crti.o
                0x08007e58                _init
 .init          0x08007e5c        0x8 c:/program files (x86)/atollic/truestudio for arm 8.1.0/armtools/bin/../lib/gcc/arm-atollic-eabi/6.3.1/armv7e-m/fpu/crtn.o
 *(.fini)
 .fini          0x08007e64        0x4 c:/program files (x86)/atollic/truestudio for arm 8.1.0/armtools/bin/../lib/gcc/arm-atollic-eabi/6.3.1/armv7e-m/fpu/crti.o
                0x08007e64                _fini
 .fini          0x08007e68        0x8 c:/program files (x86)/atollic/truestudio for arm 8.1.0/armtools/bin/../lib/gcc/arm-atollic-eabi/6.3.1/armv7e-m/fpu/crtn.o
                0x08007e70                . = ALIGN (0x4)
                0x08007e70                _etext = .

.vfp11_veneer   0x08007e70        0x0
 .vfp11_veneer  0x08007e70        0x0 linker stubs

.v4_bx          0x08007e70        0x0
 .v4_bx         0x08007e70        0x0 linker stubs

.iplt           0x08007e70        0x0
 .iplt          0x08007e70        0x0 c:/program files (x86)/atollic/truestudio for arm 8.1.0/armtools/bin/../lib/gcc/arm-atollic-eabi/6.3.1/armv7e-m/fpu/crtbegin.o

.rodata         0x08007e70      0x318
                0x08007e70                . = ALIGN (0x4)
 *(.rodata)
 .rodata        0x08007e70       0x5f src\gps_v0.o
 *fill*         0x08007ecf        0x1 
 .rodata        0x08007ed0       0x2b src\main.o
 *(.rodata*)
 *fill*         0x08007efb        0x1 
 .rodata.flagBitshiftOffset.9256
                0x08007efc        0x8 Drivers\STM32F4xx_HAL_Driver\Src\stm32f4xx_hal_dma.o
 .rodata.AHBPrescTable
                0x08007f04       0x10 src\system_stm32f4xx.o
                0x08007f04                AHBPrescTable
 .rodata.APBPrescTable
                0x08007f14        0x8 src\system_stm32f4xx.o
                0x08007f14                APBPrescTable
 .rodata._strtod_l.str1.1
                0x08007f1c        0xc c:/program files (x86)/atollic/truestudio for arm 8.1.0/armtools/bin/../lib/gcc/arm-atollic-eabi/6.3.1/../../../../arm-atollic-eabi/lib/armv7e-m/fpu\libc_nano.a(lib_a-strtod.o)
 .rodata.fpi.7257
                0x08007f28       0x14 c:/program files (x86)/atollic/truestudio for arm 8.1.0/armtools/bin/../lib/gcc/arm-atollic-eabi/6.3.1/../../../../arm-atollic-eabi/lib/armv7e-m/fpu\libc_nano.a(lib_a-strtod.o)
 .rodata.fpinan.7293
                0x08007f3c       0x14 c:/program files (x86)/atollic/truestudio for arm 8.1.0/armtools/bin/../lib/gcc/arm-atollic-eabi/6.3.1/../../../../arm-atollic-eabi/lib/armv7e-m/fpu\libc_nano.a(lib_a-strtod.o)
 .rodata.tinytens
                0x08007f50       0x28 c:/program files (x86)/atollic/truestudio for arm 8.1.0/armtools/bin/../lib/gcc/arm-atollic-eabi/6.3.1/../../../../arm-atollic-eabi/lib/armv7e-m/fpu\libc_nano.a(lib_a-strtod.o)
 .rodata._setlocale_r.str1.1
                0x08007f78        0x8 c:/program files (x86)/atollic/truestudio for arm 8.1.0/armtools/bin/../lib/gcc/arm-atollic-eabi/6.3.1/../../../../arm-atollic-eabi/lib/armv7e-m/fpu\libc_nano.a(lib_a-locale.o)
                                  0x9 (size before relaxing)
 .rodata.str1.1
                0x08007f80        0x2 c:/program files (x86)/atollic/truestudio for arm 8.1.0/armtools/bin/../lib/gcc/arm-atollic-eabi/6.3.1/../../../../arm-atollic-eabi/lib/armv7e-m/fpu\libc_nano.a(lib_a-locale.o)
 *fill*         0x08007f82        0x6 
 .rodata.__mprec_bigtens
                0x08007f88       0x28 c:/program files (x86)/atollic/truestudio for arm 8.1.0/armtools/bin/../lib/gcc/arm-atollic-eabi/6.3.1/../../../../arm-atollic-eabi/lib/armv7e-m/fpu\libc_nano.a(lib_a-mprec.o)
                0x08007f88                __mprec_bigtens
 .rodata.__mprec_tens
                0x08007fb0       0xc8 c:/program files (x86)/atollic/truestudio for arm 8.1.0/armtools/bin/../lib/gcc/arm-atollic-eabi/6.3.1/../../../../arm-atollic-eabi/lib/armv7e-m/fpu\libc_nano.a(lib_a-mprec.o)
                0x08007fb0                __mprec_tens
 .rodata.p05.7175
                0x08008078        0xc c:/program files (x86)/atollic/truestudio for arm 8.1.0/armtools/bin/../lib/gcc/arm-atollic-eabi/6.3.1/../../../../arm-atollic-eabi/lib/armv7e-m/fpu\libc_nano.a(lib_a-mprec.o)
 .rodata._ctype_
                0x08008084      0x101 c:/program files (x86)/atollic/truestudio for arm 8.1.0/armtools/bin/../lib/gcc/arm-atollic-eabi/6.3.1/../../../../arm-atollic-eabi/lib/armv7e-m/fpu\libc_nano.a(lib_a-ctype_.o)
                0x08008084                _ctype_
                0x08008188                . = ALIGN (0x4)
 *fill*         0x08008185        0x3 

.rel.dyn        0x08008188        0x0
 .rel.iplt      0x08008188        0x0 c:/program files (x86)/atollic/truestudio for arm 8.1.0/armtools/bin/../lib/gcc/arm-atollic-eabi/6.3.1/armv7e-m/fpu/crtbegin.o

.ARM.extab
 *(.ARM.extab* .gnu.linkonce.armextab.*)

.ARM            0x08008188        0x0
                0x08008188                __exidx_start = .
 *(.ARM.exidx*)
                0x08008188                __exidx_end = .

.preinit_array  0x08008188        0x0
                0x08008188                PROVIDE (__preinit_array_start, .)
 *(.preinit_array*)
                0x08008188                PROVIDE (__preinit_array_end, .)

.init_array     0x08008188        0x4
                0x08008188                PROVIDE (__init_array_start, .)
 *(SORT(.init_array.*))
 *(.init_array*)
 .init_array    0x08008188        0x4 c:/program files (x86)/atollic/truestudio for arm 8.1.0/armtools/bin/../lib/gcc/arm-atollic-eabi/6.3.1/armv7e-m/fpu/crtbegin.o
                0x0800818c                PROVIDE (__init_array_end, .)

.fini_array     0x0800818c        0x4
                [!provide]                PROVIDE (__fini_array_start, .)
 *(SORT(.fini_array.*))
 *(.fini_array*)
 .fini_array    0x0800818c        0x4 c:/program files (x86)/atollic/truestudio for arm 8.1.0/armtools/bin/../lib/gcc/arm-atollic-eabi/6.3.1/armv7e-m/fpu/crtbegin.o
                [!provide]                PROVIDE (__fini_array_end, .)
                0x08008190                _sidata = LOADADDR (.data)

.data           0x20000000      0x278 load address 0x08008190
                0x20000000                . = ALIGN (0x4)
                0x20000000                _sdata = .
 *(.data)
 *(.data*)
 .data.customChar1
                0x20000000        0x8 src\display.o
                0x20000000                customChar1
 .data.customChar2
                0x20000008        0x8 src\display.o
                0x20000008                customChar2
 .data.customChar3
                0x20000010        0x8 src\display.o
                0x20000010                customChar3
 .data.customChar4
                0x20000018        0x8 src\display.o
                0x20000018                customChar4
 .data.customChar5
                0x20000020        0x8 src\display.o
                0x20000020                customChar5
 .data.deinit_GGA
                0x20000028       0x1a src\gps_v0.o
                0x20000028                deinit_GGA
 *fill*         0x20000042        0x2 
 .data.deinit_GSA
                0x20000044       0x1a src\gps_v0.o
                0x20000044                deinit_GSA
 *fill*         0x2000005e        0x2 
 .data.deinit_GSV
                0x20000060       0x1a src\gps_v0.o
                0x20000060                deinit_GSV
 *fill*         0x2000007a        0x2 
 .data.init_RMC
                0x2000007c       0x1a src\gps_v0.o
                0x2000007c                init_RMC
 *fill*         0x20000096        0x2 
 .data.ReadyMsg
                0x20000098        0x6 src\gps_v0.o
                0x20000098                ReadyMsg
 *fill*         0x2000009e        0x2 
 .data.OKMsg    0x200000a0        0x3 src\gps_v0.o
                0x200000a0                OKMsg
 *fill*         0x200000a3        0x1 
 .data.SystemCoreClock
                0x200000a4        0x4 src\system_stm32f4xx.o
                0x200000a4                SystemCoreClock
 .data._impure_ptr
                0x200000a8        0x4 c:/program files (x86)/atollic/truestudio for arm 8.1.0/armtools/bin/../lib/gcc/arm-atollic-eabi/6.3.1/../../../../arm-atollic-eabi/lib/armv7e-m/fpu\libc_nano.a(lib_a-impure.o)
                0x200000a8                _impure_ptr
 .data.impure_data
                0x200000ac       0x60 c:/program files (x86)/atollic/truestudio for arm 8.1.0/armtools/bin/../lib/gcc/arm-atollic-eabi/6.3.1/../../../../arm-atollic-eabi/lib/armv7e-m/fpu\libc_nano.a(lib_a-impure.o)
 .data.__global_locale
                0x2000010c      0x16c c:/program files (x86)/atollic/truestudio for arm 8.1.0/armtools/bin/../lib/gcc/arm-atollic-eabi/6.3.1/../../../../arm-atollic-eabi/lib/armv7e-m/fpu\libc_nano.a(lib_a-locale.o)
                0x2000010c                __global_locale
                0x20000278                . = ALIGN (0x4)
                0x20000278                _edata = .
                0x08008408                _siccmram = LOADADDR (.ccmram)

.igot.plt       0x20000278        0x0 load address 0x08008408
 .igot.plt      0x20000278        0x0 c:/program files (x86)/atollic/truestudio for arm 8.1.0/armtools/bin/../lib/gcc/arm-atollic-eabi/6.3.1/armv7e-m/fpu/crtbegin.o

.ccmram         0x10000000        0x0 load address 0x08008408
                0x10000000                . = ALIGN (0x4)
                0x10000000                _sccmram = .
 *(.ccmram)
 *(.ccmram*)
                0x10000000                . = ALIGN (0x4)
                0x10000000                _eccmram = .
                0x10000000                . = ALIGN (0x4)

.bss            0x20000278    0x169dc
                0x20000278                _sbss = .
                0x20000278                __bss_start__ = _sbss
 *(.bss)
 .bss           0x20000278       0x1c c:/program files (x86)/atollic/truestudio for arm 8.1.0/armtools/bin/../lib/gcc/arm-atollic-eabi/6.3.1/armv7e-m/fpu/crtbegin.o
 *(.bss*)
 .bss.customChar0
                0x20000294        0x8 src\display.o
                0x20000294                customChar0
 .bss.i         0x2000029c        0x4 src\gps_v0.o
                0x2000029c                i
 .bss.numGPS    0x200002a0        0x4 src\gps_v0.o
                0x200002a0                numGPS
 .bss.c         0x200002a4        0x4 src\gps_v0.o
                0x200002a4                c
 .bss.mb        0x200002a8        0x4 src\gps_v0.o
                0x200002a8                mb
 .bss.fechaOK   0x200002ac        0x4 src\gps_v0.o
                0x200002ac                fechaOK
 .bss.UartReady
                0x200002b0        0x1 src\gps_v0.o
                0x200002b0                UartReady
 *fill*         0x200002b1        0x3 
 .bss.ready     0x200002b4        0x4 src\gps_v0.o
                0x200002b4                ready
 .bss.time      0x200002b8        0xa src\gps_v0.o
                0x200002b8                time
 *fill*         0x200002c2        0x2 
 .bss.hora_array
                0x200002c4        0x9 src\gps_v0.o
                0x200002c4                hora_array
 *fill*         0x200002cd        0x3 
 .bss.data      0x200002d0        0x6 src\gps_v0.o
                0x200002d0                data
 *fill*         0x200002d6        0x2 
 .bss.fecha_array
                0x200002d8        0x8 src\gps_v0.o
                0x200002d8                fecha_array
 .bss.__malloc_free_list
                0x200002e0        0x4 c:/program files (x86)/atollic/truestudio for arm 8.1.0/armtools/bin/../lib/gcc/arm-atollic-eabi/6.3.1/../../../../arm-atollic-eabi/lib/armv7e-m/fpu\libc_nano.a(lib_a-nano-mallocr.o)
                0x200002e0                __malloc_free_list
 .bss.__malloc_sbrk_start
                0x200002e4        0x4 c:/program files (x86)/atollic/truestudio for arm 8.1.0/armtools/bin/../lib/gcc/arm-atollic-eabi/6.3.1/../../../../arm-atollic-eabi/lib/armv7e-m/fpu\libc_nano.a(lib_a-nano-mallocr.o)
                0x200002e4                __malloc_sbrk_start
 .bss.heap_end.5239
                0x200002e8        0x4 c:/program files (x86)/atollic/truestudio for arm 8.1.0/armtools/bin/../lib/gcc/arm-atollic-eabi/6.3.1/../../../../arm-atollic-eabi/lib/armv7e-m/fpu\libnosys.a(sbrk.o)
 *(COMMON)
 COMMON         0x200002ec        0x4 Drivers\STM32F4xx_HAL_Driver\Src\stm32f4xx_hal.o
                0x200002ec                uwTick
 COMMON         0x200002f0       0xd4 src\ADC.o
                0x200002f0                Dma_Adc
                0x20000350                p
                0x20000354                porcfila
                0x20000358                valor
                0x2000035c                porcentaje
                0x20000360                fila
                0x20000364                columna
                0x20000368                ADCHandle
                0x200003b0                ADCChannel
                0x200003c0                matriz
 COMMON         0x200003c4     0x3200 src\bateria.o
                0x200003c4                matriz_2
                0x20001044                matriz_3
                0x20001cc4                matriz_1
                0x20002944                matriz_0
 COMMON         0x200035c4    0x13265 src\gps_v0.o
                0x200035c4                dia
                0x200035c8                bufferReady
                0x200035d0                latCoorL
                0x200035d4                hora
                0x200035d8                tipo
                0x200035dc                longitudstr
                0x200035e8                lati
                0x200035f4                g
                0x200035f8                GPS
                0x2000ca68                longCoorstr
                0x2000ca6c                bufferGPS
                0x2000ca94                mibuffer
                0x200166d4                bufferReceive
                0x200166d8                diastr
                0x200166e4                longitud
                0x200166e8                longi
                0x200166f4                nmea
                0x20016730                latitudstr
                0x2001673c                buffer
                0x20016748                latCoorstr
                0x2001674c                horaL
                0x20016758                hora_real
                0x2001675c                num
                0x20016760                latitud
                0x20016764                subbuff
                0x2001676c                latitudL
                0x20016778                longitudL
                0x20016784                sd
                0x20016788                forhora
                0x2001678c                horastr
                0x20016798                s
                0x2001679c                fecha
                0x200167a0                longCoorL
                0x200167a4                bufferParsing
                0x200167cc                longCoor
                0x200167d0                m
                0x200167d4                latCoor
                0x200167d8                len
                0x200167dc                reciboGPS
 *fill*         0x20016829        0x3 
 COMMON         0x2001682c       0xe0 src\main.o
                0x2001682c                buff
                0x20016834                ReadyBuf
                0x2001683c                aRxBuffer
                0x20016844                RxBuf
 COMMON         0x2001690c      0x118 src\spi.o
                0x2001690c                hspi2
                0x20016964                hdma_rx
                0x200169c4                hdma_tx
 COMMON         0x20016a24       0x4c src\timer.o
                0x20016a24                sClockSourceConfig
                0x20016a34                htim2
 COMMON         0x20016a70      0x1e0 src\uart.o
                0x20016a70                Dma_Uart_tx
                0x20016ad0                huart1
                0x20016b10                Dma_Uart
                0x20016b70                Dma_Uart_rx
                0x20016bd0                huart6
                0x20016c10                huart2
 COMMON         0x20016c50        0x4 c:/program files (x86)/atollic/truestudio for arm 8.1.0/armtools/bin/../lib/gcc/arm-atollic-eabi/6.3.1/../../../../arm-atollic-eabi/lib/armv7e-m/fpu\libc_nano.a(lib_a-reent.o)
                0x20016c50                errno
                0x20016c54                . = ALIGN (0x4)
                0x20016c54                _ebss = .
                0x20016c54                __bss_end__ = _ebss

._user_heap_stack
                0x20016c54      0x400
                0x20016c54                . = ALIGN (0x4)
                0x20016c54                PROVIDE (end, .)
                [!provide]                PROVIDE (_end, .)
                0x20016c54                . = (. + _Min_Heap_Size)
                0x20017054                . = (. + _Min_Stack_Size)
 *fill*         0x20016c54      0x400 
                0x20017054                . = ALIGN (0x4)

.memory_b1_text
 *(.mb1text)
 *(.mb1text*)
 *(.mb1rodata)
 *(.mb1rodata*)

/DISCARD/
 libc.a(*)
 libm.a(*)
 libgcc.a(*)

.ARM.attributes
                0x00000000       0x30
 *(.ARM.attributes)
 .ARM.attributes
                0x00000000       0x22 c:/program files (x86)/atollic/truestudio for arm 8.1.0/armtools/bin/../lib/gcc/arm-atollic-eabi/6.3.1/armv7e-m/fpu/crti.o
 .ARM.attributes
                0x00000022       0x34 c:/program files (x86)/atollic/truestudio for arm 8.1.0/armtools/bin/../lib/gcc/arm-atollic-eabi/6.3.1/armv7e-m/fpu/crtbegin.o
 .ARM.attributes
                0x00000056       0x39 Drivers\STM32F4xx_HAL_Driver\Src\stm32f4xx_hal.o
 .ARM.attributes
                0x0000008f       0x39 Drivers\STM32F4xx_HAL_Driver\Src\stm32f4xx_hal_adc.o
 .ARM.attributes
                0x000000c8       0x39 Drivers\STM32F4xx_HAL_Driver\Src\stm32f4xx_hal_adc_ex.o
 .ARM.attributes
                0x00000101       0x39 Drivers\STM32F4xx_HAL_Driver\Src\stm32f4xx_hal_cortex.o
 .ARM.attributes
                0x0000013a       0x39 Drivers\STM32F4xx_HAL_Driver\Src\stm32f4xx_hal_dma.o
 .ARM.attributes
                0x00000173       0x39 Drivers\STM32F4xx_HAL_Driver\Src\stm32f4xx_hal_gpio.o
 .ARM.attributes
                0x000001ac       0x39 Drivers\STM32F4xx_HAL_Driver\Src\stm32f4xx_hal_rcc.o
 .ARM.attributes
                0x000001e5       0x39 Drivers\STM32F4xx_HAL_Driver\Src\stm32f4xx_hal_spi.o
 .ARM.attributes
                0x0000021e       0x39 Drivers\STM32F4xx_HAL_Driver\Src\stm32f4xx_hal_tim.o
 .ARM.attributes
                0x00000257       0x39 Drivers\STM32F4xx_HAL_Driver\Src\stm32f4xx_hal_tim_ex.o
 .ARM.attributes
                0x00000290       0x39 Drivers\STM32F4xx_HAL_Driver\Src\stm32f4xx_hal_uart.o
 .ARM.attributes
                0x000002c9       0x39 src\ADC.o
 .ARM.attributes
                0x00000302       0x39 src\bateria.o
 .ARM.attributes
                0x0000033b       0x39 src\display.o
 .ARM.attributes
                0x00000374       0x39 src\gps_v0.o
 .ARM.attributes
                0x000003ad       0x39 src\main.o
 .ARM.attributes
                0x000003e6       0x39 src\spi.o
 .ARM.attributes
                0x0000041f       0x21 src\startup_stm32f40xx.o
 .ARM.attributes
                0x00000440       0x39 src\stm32f4xx_it.o
 .ARM.attributes
                0x00000479       0x39 src\system_stm32f4xx.o
 .ARM.attributes
                0x000004b2       0x39 src\timer.o
 .ARM.attributes
                0x000004eb       0x39 src\tiny_printf.o
 .ARM.attributes
                0x00000524       0x39 src\uart.o
 .ARM.attributes
                0x0000055d       0x34 c:/program files (x86)/atollic/truestudio for arm 8.1.0/armtools/bin/../lib/gcc/arm-atollic-eabi/6.3.1/../../../../arm-atollic-eabi/lib/armv7e-m/fpu\libc_nano.a(lib_a-atof.o)
 .ARM.attributes
                0x00000591       0x34 c:/program files (x86)/atollic/truestudio for arm 8.1.0/armtools/bin/../lib/gcc/arm-atollic-eabi/6.3.1/../../../../arm-atollic-eabi/lib/armv7e-m/fpu\libc_nano.a(lib_a-atoi.o)
 .ARM.attributes
                0x000005c5       0x34 c:/program files (x86)/atollic/truestudio for arm 8.1.0/armtools/bin/../lib/gcc/arm-atollic-eabi/6.3.1/../../../../arm-atollic-eabi/lib/armv7e-m/fpu\libc_nano.a(lib_a-init.o)
 .ARM.attributes
                0x000005f9       0x34 c:/program files (x86)/atollic/truestudio for arm 8.1.0/armtools/bin/../lib/gcc/arm-atollic-eabi/6.3.1/../../../../arm-atollic-eabi/lib/armv7e-m/fpu\libc_nano.a(lib_a-malloc.o)
 .ARM.attributes
                0x0000062d       0x34 c:/program files (x86)/atollic/truestudio for arm 8.1.0/armtools/bin/../lib/gcc/arm-atollic-eabi/6.3.1/../../../../arm-atollic-eabi/lib/armv7e-m/fpu\libc_nano.a(lib_a-memset.o)
 .ARM.attributes
                0x00000661       0x34 c:/program files (x86)/atollic/truestudio for arm 8.1.0/armtools/bin/../lib/gcc/arm-atollic-eabi/6.3.1/../../../../arm-atollic-eabi/lib/armv7e-m/fpu\libc_nano.a(lib_a-nano-mallocr.o)
 .ARM.attributes
                0x00000695       0x34 c:/program files (x86)/atollic/truestudio for arm 8.1.0/armtools/bin/../lib/gcc/arm-atollic-eabi/6.3.1/../../../../arm-atollic-eabi/lib/armv7e-m/fpu\libc_nano.a(lib_a-sbrkr.o)
 .ARM.attributes
                0x000006c9       0x34 c:/program files (x86)/atollic/truestudio for arm 8.1.0/armtools/bin/../lib/gcc/arm-atollic-eabi/6.3.1/../../../../arm-atollic-eabi/lib/armv7e-m/fpu\libc_nano.a(lib_a-strchr.o)
 .ARM.attributes
                0x000006fd       0x20 c:/program files (x86)/atollic/truestudio for arm 8.1.0/armtools/bin/../lib/gcc/arm-atollic-eabi/6.3.1/../../../../arm-atollic-eabi/lib/armv7e-m/fpu\libc_nano.a(lib_a-strcmp.o)
 .ARM.attributes
                0x0000071d       0x34 c:/program files (x86)/atollic/truestudio for arm 8.1.0/armtools/bin/../lib/gcc/arm-atollic-eabi/6.3.1/../../../../arm-atollic-eabi/lib/armv7e-m/fpu\libc_nano.a(lib_a-strcpy.o)
 .ARM.attributes
                0x00000751       0x1b c:/program files (x86)/atollic/truestudio for arm 8.1.0/armtools/bin/../lib/gcc/arm-atollic-eabi/6.3.1/../../../../arm-atollic-eabi/lib/armv7e-m/fpu\libc_nano.a(lib_a-strlen.o)
 .ARM.attributes
                0x0000076c       0x34 c:/program files (x86)/atollic/truestudio for arm 8.1.0/armtools/bin/../lib/gcc/arm-atollic-eabi/6.3.1/../../../../arm-atollic-eabi/lib/armv7e-m/fpu\libc_nano.a(lib_a-strstr.o)
 .ARM.attributes
                0x000007a0       0x34 c:/program files (x86)/atollic/truestudio for arm 8.1.0/armtools/bin/../lib/gcc/arm-atollic-eabi/6.3.1/../../../../arm-atollic-eabi/lib/armv7e-m/fpu\libc_nano.a(lib_a-strtod.o)
 .ARM.attributes
                0x000007d4       0x34 c:/program files (x86)/atollic/truestudio for arm 8.1.0/armtools/bin/../lib/gcc/arm-atollic-eabi/6.3.1/../../../../arm-atollic-eabi/lib/armv7e-m/fpu\libc_nano.a(lib_a-strtok.o)
 .ARM.attributes
                0x00000808       0x34 c:/program files (x86)/atollic/truestudio for arm 8.1.0/armtools/bin/../lib/gcc/arm-atollic-eabi/6.3.1/../../../../arm-atollic-eabi/lib/armv7e-m/fpu\libc_nano.a(lib_a-strtok_r.o)
 .ARM.attributes
                0x0000083c       0x34 c:/program files (x86)/atollic/truestudio for arm 8.1.0/armtools/bin/../lib/gcc/arm-atollic-eabi/6.3.1/../../../../arm-atollic-eabi/lib/armv7e-m/fpu\libc_nano.a(lib_a-strtol.o)
 .ARM.attributes
                0x00000870       0x34 c:/program files (x86)/atollic/truestudio for arm 8.1.0/armtools/bin/../lib/gcc/arm-atollic-eabi/6.3.1/../../../../arm-atollic-eabi/lib/armv7e-m/fpu\libc_nano.a(lib_a-gdtoa-gethex.o)
 .ARM.attributes
                0x000008a4       0x34 c:/program files (x86)/atollic/truestudio for arm 8.1.0/armtools/bin/../lib/gcc/arm-atollic-eabi/6.3.1/../../../../arm-atollic-eabi/lib/armv7e-m/fpu\libc_nano.a(lib_a-gdtoa-hexnan.o)
 .ARM.attributes
                0x000008d8       0x34 c:/program files (x86)/atollic/truestudio for arm 8.1.0/armtools/bin/../lib/gcc/arm-atollic-eabi/6.3.1/../../../../arm-atollic-eabi/lib/armv7e-m/fpu\libc_nano.a(lib_a-impure.o)
 .ARM.attributes
                0x0000090c       0x34 c:/program files (x86)/atollic/truestudio for arm 8.1.0/armtools/bin/../lib/gcc/arm-atollic-eabi/6.3.1/../../../../arm-atollic-eabi/lib/armv7e-m/fpu\libc_nano.a(lib_a-locale.o)
 .ARM.attributes
                0x00000940       0x34 c:/program files (x86)/atollic/truestudio for arm 8.1.0/armtools/bin/../lib/gcc/arm-atollic-eabi/6.3.1/../../../../arm-atollic-eabi/lib/armv7e-m/fpu\libc_nano.a(lib_a-localeconv.o)
 .ARM.attributes
                0x00000974       0x34 c:/program files (x86)/atollic/truestudio for arm 8.1.0/armtools/bin/../lib/gcc/arm-atollic-eabi/6.3.1/../../../../arm-atollic-eabi/lib/armv7e-m/fpu\libc_nano.a(lib_a-mbtowc_r.o)
 .ARM.attributes
                0x000009a8       0x34 c:/program files (x86)/atollic/truestudio for arm 8.1.0/armtools/bin/../lib/gcc/arm-atollic-eabi/6.3.1/../../../../arm-atollic-eabi/lib/armv7e-m/fpu\libc_nano.a(lib_a-memcpy-stub.o)
 .ARM.attributes
                0x000009dc       0x34 c:/program files (x86)/atollic/truestudio for arm 8.1.0/armtools/bin/../lib/gcc/arm-atollic-eabi/6.3.1/../../../../arm-atollic-eabi/lib/armv7e-m/fpu\libc_nano.a(lib_a-mlock.o)
 .ARM.attributes
                0x00000a10       0x34 c:/program files (x86)/atollic/truestudio for arm 8.1.0/armtools/bin/../lib/gcc/arm-atollic-eabi/6.3.1/../../../../arm-atollic-eabi/lib/armv7e-m/fpu\libc_nano.a(lib_a-mprec.o)
 .ARM.attributes
                0x00000a44       0x34 c:/program files (x86)/atollic/truestudio for arm 8.1.0/armtools/bin/../lib/gcc/arm-atollic-eabi/6.3.1/../../../../arm-atollic-eabi/lib/armv7e-m/fpu\libc_nano.a(lib_a-nano-callocr.o)
 .ARM.attributes
                0x00000a78       0x34 c:/program files (x86)/atollic/truestudio for arm 8.1.0/armtools/bin/../lib/gcc/arm-atollic-eabi/6.3.1/../../../../arm-atollic-eabi/lib/armv7e-m/fpu\libc_nano.a(lib_a-reent.o)
 .ARM.attributes
                0x00000aac       0x34 c:/program files (x86)/atollic/truestudio for arm 8.1.0/armtools/bin/../lib/gcc/arm-atollic-eabi/6.3.1/../../../../arm-atollic-eabi/lib/armv7e-m/fpu\libc_nano.a(lib_a-strncmp.o)
 .ARM.attributes
                0x00000ae0       0x34 c:/program files (x86)/atollic/truestudio for arm 8.1.0/armtools/bin/../lib/gcc/arm-atollic-eabi/6.3.1/../../../../arm-atollic-eabi/lib/armv7e-m/fpu\libc_nano.a(lib_a-wctomb_r.o)
 .ARM.attributes
                0x00000b14       0x34 c:/program files (x86)/atollic/truestudio for arm 8.1.0/armtools/bin/../lib/gcc/arm-atollic-eabi/6.3.1/../../../../arm-atollic-eabi/lib/armv7e-m/fpu\libc_nano.a(lib_a-ctype_.o)
 .ARM.attributes
                0x00000b48       0x22 c:/program files (x86)/atollic/truestudio for arm 8.1.0/armtools/bin/../lib/gcc/arm-atollic-eabi/6.3.1/armv7e-m/fpu\libgcc.a(_arm_addsubdf3.o)
 .ARM.attributes
                0x00000b6a       0x22 c:/program files (x86)/atollic/truestudio for arm 8.1.0/armtools/bin/../lib/gcc/arm-atollic-eabi/6.3.1/armv7e-m/fpu\libgcc.a(_arm_muldivdf3.o)
 .ARM.attributes
                0x00000b8c       0x22 c:/program files (x86)/atollic/truestudio for arm 8.1.0/armtools/bin/../lib/gcc/arm-atollic-eabi/6.3.1/armv7e-m/fpu\libgcc.a(_arm_cmpdf2.o)
 .ARM.attributes
                0x00000bae       0x22 c:/program files (x86)/atollic/truestudio for arm 8.1.0/armtools/bin/../lib/gcc/arm-atollic-eabi/6.3.1/armv7e-m/fpu\libgcc.a(_arm_fixdfsi.o)
 .ARM.attributes
                0x00000bd0       0x22 c:/program files (x86)/atollic/truestudio for arm 8.1.0/armtools/bin/../lib/gcc/arm-atollic-eabi/6.3.1/armv7e-m/fpu\libgcc.a(_arm_fixunsdfsi.o)
 .ARM.attributes
                0x00000bf2       0x34 c:/program files (x86)/atollic/truestudio for arm 8.1.0/armtools/bin/../lib/gcc/arm-atollic-eabi/6.3.1/../../../../arm-atollic-eabi/lib/armv7e-m/fpu\libnosys.a(sbrk.o)
 .ARM.attributes
                0x00000c26       0x22 c:/program files (x86)/atollic/truestudio for arm 8.1.0/armtools/bin/../lib/gcc/arm-atollic-eabi/6.3.1/armv7e-m/fpu/crtn.o
OUTPUT(MicroReader.elf elf32-littlearm)

.debug_info     0x00000000    0x1bc3b
 .debug_info    0x00000000     0x107b Drivers\STM32F4xx_HAL_Driver\Src\stm32f4xx_hal.o
 .debug_info    0x0000107b     0x14ec Drivers\STM32F4xx_HAL_Driver\Src\stm32f4xx_hal_adc.o
 .debug_info    0x00002567     0x1315 Drivers\STM32F4xx_HAL_Driver\Src\stm32f4xx_hal_adc_ex.o
 .debug_info    0x0000387c     0x154c Drivers\STM32F4xx_HAL_Driver\Src\stm32f4xx_hal_cortex.o
 .debug_info    0x00004dc8     0x111b Drivers\STM32F4xx_HAL_Driver\Src\stm32f4xx_hal_dma.o
 .debug_info    0x00005ee3      0xf9f Drivers\STM32F4xx_HAL_Driver\Src\stm32f4xx_hal_gpio.o
 .debug_info    0x00006e82     0x137f Drivers\STM32F4xx_HAL_Driver\Src\stm32f4xx_hal_rcc.o
 .debug_info    0x00008201     0x1e30 Drivers\STM32F4xx_HAL_Driver\Src\stm32f4xx_hal_spi.o
 .debug_info    0x0000a031     0x29f1 Drivers\STM32F4xx_HAL_Driver\Src\stm32f4xx_hal_tim.o
 .debug_info    0x0000ca22     0x17ca Drivers\STM32F4xx_HAL_Driver\Src\stm32f4xx_hal_tim_ex.o
 .debug_info    0x0000e1ec     0x19d5 Drivers\STM32F4xx_HAL_Driver\Src\stm32f4xx_hal_uart.o
 .debug_info    0x0000fbc1     0x1403 src\ADC.o
 .debug_info    0x00010fc4      0x32a src\bateria.o
 .debug_info    0x000112ee      0xfc3 src\display.o
 .debug_info    0x000122b1     0x1dfd src\gps_v0.o
 .debug_info    0x000140ae     0x182d src\main.o
 .debug_info    0x000158db     0x15a4 src\spi.o
 .debug_info    0x00016e7f       0x8d src\startup_stm32f40xx.o
 .debug_info    0x00016f0c     0x1601 src\stm32f4xx_it.o
 .debug_info    0x0001850d      0x528 src\system_stm32f4xx.o
 .debug_info    0x00018a35     0x1219 src\timer.o
 .debug_info    0x00019c4e      0xc78 src\tiny_printf.o
 .debug_info    0x0001a8c6     0x1375 src\uart.o

.debug_abbrev   0x00000000     0x3448
 .debug_abbrev  0x00000000      0x2d5 Drivers\STM32F4xx_HAL_Driver\Src\stm32f4xx_hal.o
 .debug_abbrev  0x000002d5      0x290 Drivers\STM32F4xx_HAL_Driver\Src\stm32f4xx_hal_adc.o
 .debug_abbrev  0x00000565      0x250 Drivers\STM32F4xx_HAL_Driver\Src\stm32f4xx_hal_adc_ex.o
 .debug_abbrev  0x000007b5      0x371 Drivers\STM32F4xx_HAL_Driver\Src\stm32f4xx_hal_cortex.o
 .debug_abbrev  0x00000b26      0x279 Drivers\STM32F4xx_HAL_Driver\Src\stm32f4xx_hal_dma.o
 .debug_abbrev  0x00000d9f      0x24c Drivers\STM32F4xx_HAL_Driver\Src\stm32f4xx_hal_gpio.o
 .debug_abbrev  0x00000feb      0x325 Drivers\STM32F4xx_HAL_Driver\Src\stm32f4xx_hal_rcc.o
 .debug_abbrev  0x00001310      0x2ac Drivers\STM32F4xx_HAL_Driver\Src\stm32f4xx_hal_spi.o
 .debug_abbrev  0x000015bc      0x2ab Drivers\STM32F4xx_HAL_Driver\Src\stm32f4xx_hal_tim.o
 .debug_abbrev  0x00001867      0x288 Drivers\STM32F4xx_HAL_Driver\Src\stm32f4xx_hal_tim_ex.o
 .debug_abbrev  0x00001aef      0x2bd Drivers\STM32F4xx_HAL_Driver\Src\stm32f4xx_hal_uart.o
 .debug_abbrev  0x00001dac      0x242 src\ADC.o
 .debug_abbrev  0x00001fee       0xcb src\bateria.o
 .debug_abbrev  0x000020b9      0x29c src\display.o
 .debug_abbrev  0x00002355      0x2d6 src\gps_v0.o
 .debug_abbrev  0x0000262b      0x228 src\main.o
 .debug_abbrev  0x00002853      0x240 src\spi.o
 .debug_abbrev  0x00002a93       0x12 src\startup_stm32f40xx.o
 .debug_abbrev  0x00002aa5      0x1d5 src\stm32f4xx_it.o
 .debug_abbrev  0x00002c7a      0x10e src\system_stm32f4xx.o
 .debug_abbrev  0x00002d88      0x235 src\timer.o
 .debug_abbrev  0x00002fbd      0x262 src\tiny_printf.o
 .debug_abbrev  0x0000321f      0x229 src\uart.o

.debug_aranges  0x00000000     0x10d8
 .debug_aranges
                0x00000000       0xc8 Drivers\STM32F4xx_HAL_Driver\Src\stm32f4xx_hal.o
 .debug_aranges
                0x000000c8       0xe8 Drivers\STM32F4xx_HAL_Driver\Src\stm32f4xx_hal_adc.o
 .debug_aranges
                0x000001b0       0x90 Drivers\STM32F4xx_HAL_Driver\Src\stm32f4xx_hal_adc_ex.o
 .debug_aranges
                0x00000240      0x118 Drivers\STM32F4xx_HAL_Driver\Src\stm32f4xx_hal_cortex.o
 .debug_aranges
                0x00000358       0x90 Drivers\STM32F4xx_HAL_Driver\Src\stm32f4xx_hal_dma.o
 .debug_aranges
                0x000003e8       0x58 Drivers\STM32F4xx_HAL_Driver\Src\stm32f4xx_hal_gpio.o
 .debug_aranges
                0x00000440       0x88 Drivers\STM32F4xx_HAL_Driver\Src\stm32f4xx_hal_rcc.o
 .debug_aranges
                0x000004c8      0x1e8 Drivers\STM32F4xx_HAL_Driver\Src\stm32f4xx_hal_spi.o
 .debug_aranges
                0x000006b0      0x368 Drivers\STM32F4xx_HAL_Driver\Src\stm32f4xx_hal_tim.o
 .debug_aranges
                0x00000a18      0x140 Drivers\STM32F4xx_HAL_Driver\Src\stm32f4xx_hal_tim_ex.o
 .debug_aranges
                0x00000b58      0x1d0 Drivers\STM32F4xx_HAL_Driver\Src\stm32f4xx_hal_uart.o
 .debug_aranges
                0x00000d28       0x48 src\ADC.o
 .debug_aranges
                0x00000d70       0x28 src\bateria.o
 .debug_aranges
                0x00000d98       0x98 src\display.o
 .debug_aranges
                0x00000e30       0x70 src\gps_v0.o
 .debug_aranges
                0x00000ea0       0x38 src\main.o
 .debug_aranges
                0x00000ed8       0x40 src\spi.o
 .debug_aranges
                0x00000f18       0x28 src\startup_stm32f40xx.o
 .debug_aranges
                0x00000f40       0x98 src\stm32f4xx_it.o
 .debug_aranges
                0x00000fd8       0x28 src\system_stm32f4xx.o
 .debug_aranges
                0x00001000       0x30 src\timer.o
 .debug_aranges
                0x00001030       0x60 src\tiny_printf.o
 .debug_aranges
                0x00001090       0x48 src\uart.o

.debug_ranges   0x00000000      0xf70
 .debug_ranges  0x00000000       0xb8 Drivers\STM32F4xx_HAL_Driver\Src\stm32f4xx_hal.o
 .debug_ranges  0x000000b8       0xd8 Drivers\STM32F4xx_HAL_Driver\Src\stm32f4xx_hal_adc.o
 .debug_ranges  0x00000190       0x80 Drivers\STM32F4xx_HAL_Driver\Src\stm32f4xx_hal_adc_ex.o
 .debug_ranges  0x00000210      0x108 Drivers\STM32F4xx_HAL_Driver\Src\stm32f4xx_hal_cortex.o
 .debug_ranges  0x00000318       0x80 Drivers\STM32F4xx_HAL_Driver\Src\stm32f4xx_hal_dma.o
 .debug_ranges  0x00000398       0x48 Drivers\STM32F4xx_HAL_Driver\Src\stm32f4xx_hal_gpio.o
 .debug_ranges  0x000003e0       0x78 Drivers\STM32F4xx_HAL_Driver\Src\stm32f4xx_hal_rcc.o
 .debug_ranges  0x00000458      0x1d8 Drivers\STM32F4xx_HAL_Driver\Src\stm32f4xx_hal_spi.o
 .debug_ranges  0x00000630      0x358 Drivers\STM32F4xx_HAL_Driver\Src\stm32f4xx_hal_tim.o
 .debug_ranges  0x00000988      0x130 Drivers\STM32F4xx_HAL_Driver\Src\stm32f4xx_hal_tim_ex.o
 .debug_ranges  0x00000ab8      0x1c0 Drivers\STM32F4xx_HAL_Driver\Src\stm32f4xx_hal_uart.o
 .debug_ranges  0x00000c78       0x38 src\ADC.o
 .debug_ranges  0x00000cb0       0x18 src\bateria.o
 .debug_ranges  0x00000cc8       0x88 src\display.o
 .debug_ranges  0x00000d50       0x60 src\gps_v0.o
 .debug_ranges  0x00000db0       0x28 src\main.o
 .debug_ranges  0x00000dd8       0x30 src\spi.o
 .debug_ranges  0x00000e08       0x20 src\startup_stm32f40xx.o
 .debug_ranges  0x00000e28       0x88 src\stm32f4xx_it.o
 .debug_ranges  0x00000eb0       0x18 src\system_stm32f4xx.o
 .debug_ranges  0x00000ec8       0x20 src\timer.o
 .debug_ranges  0x00000ee8       0x50 src\tiny_printf.o
 .debug_ranges  0x00000f38       0x38 src\uart.o

.debug_line     0x00000000     0x7f16
 .debug_line    0x00000000      0x460 Drivers\STM32F4xx_HAL_Driver\Src\stm32f4xx_hal.o
 .debug_line    0x00000460      0x6fa Drivers\STM32F4xx_HAL_Driver\Src\stm32f4xx_hal_adc.o
 .debug_line    0x00000b5a      0x5e8 Drivers\STM32F4xx_HAL_Driver\Src\stm32f4xx_hal_adc_ex.o
 .debug_line    0x00001142      0x5c3 Drivers\STM32F4xx_HAL_Driver\Src\stm32f4xx_hal_cortex.o
 .debug_line    0x00001705      0x57d Drivers\STM32F4xx_HAL_Driver\Src\stm32f4xx_hal_dma.o
 .debug_line    0x00001c82      0x455 Drivers\STM32F4xx_HAL_Driver\Src\stm32f4xx_hal_gpio.o
 .debug_line    0x000020d7      0x612 Drivers\STM32F4xx_HAL_Driver\Src\stm32f4xx_hal_rcc.o
 .debug_line    0x000026e9      0xce9 Drivers\STM32F4xx_HAL_Driver\Src\stm32f4xx_hal_spi.o
 .debug_line    0x000033d2     0x126c Drivers\STM32F4xx_HAL_Driver\Src\stm32f4xx_hal_tim.o
 .debug_line    0x0000463e      0x87f Drivers\STM32F4xx_HAL_Driver\Src\stm32f4xx_hal_tim_ex.o
 .debug_line    0x00004ebd      0xbab Drivers\STM32F4xx_HAL_Driver\Src\stm32f4xx_hal_uart.o
 .debug_line    0x00005a68      0x3d6 src\ADC.o
 .debug_line    0x00005e3e      0x173 src\bateria.o
 .debug_line    0x00005fb1      0x412 src\display.o
 .debug_line    0x000063c3      0x536 src\gps_v0.o
 .debug_line    0x000068f9      0x38f src\main.o
 .debug_line    0x00006c88      0x351 src\spi.o
 .debug_line    0x00006fd9       0x7a src\startup_stm32f40xx.o
 .debug_line    0x00007053      0x3fe src\stm32f4xx_it.o
 .debug_line    0x00007451      0x1d3 src\system_stm32f4xx.o
 .debug_line    0x00007624      0x2c9 src\timer.o
 .debug_line    0x000078ed      0x2b9 src\tiny_printf.o
 .debug_line    0x00007ba6      0x370 src\uart.o

.debug_str      0x00000000     0x4c43
 .debug_str     0x00000000      0xcf6 Drivers\STM32F4xx_HAL_Driver\Src\stm32f4xx_hal.o
                                0xd9d (size before relaxing)
 .debug_str     0x00000cf6      0x64d Drivers\STM32F4xx_HAL_Driver\Src\stm32f4xx_hal_adc.o
                                0xd9a (size before relaxing)
 .debug_str     0x00001343      0x302 Drivers\STM32F4xx_HAL_Driver\Src\stm32f4xx_hal_adc_ex.o
                                0xdc0 (size before relaxing)
 .debug_str     0x00001645      0x408 Drivers\STM32F4xx_HAL_Driver\Src\stm32f4xx_hal_cortex.o
                                0xf49 (size before relaxing)
 .debug_str     0x00001a4d      0x30e Drivers\STM32F4xx_HAL_Driver\Src\stm32f4xx_hal_dma.o
                                0xbfb (size before relaxing)
 .debug_str     0x00001d5b      0x1d3 Drivers\STM32F4xx_HAL_Driver\Src\stm32f4xx_hal_gpio.o
                                0x993 (size before relaxing)
 .debug_str     0x00001f2e      0x2c5 Drivers\STM32F4xx_HAL_Driver\Src\stm32f4xx_hal_rcc.o
                                0xb26 (size before relaxing)
 .debug_str     0x000021f3      0x70c Drivers\STM32F4xx_HAL_Driver\Src\stm32f4xx_hal_spi.o
                               0x103f (size before relaxing)
 .debug_str     0x000028ff      0xea4 Drivers\STM32F4xx_HAL_Driver\Src\stm32f4xx_hal_tim.o
                               0x17f1 (size before relaxing)
 .debug_str     0x000037a3      0x543 Drivers\STM32F4xx_HAL_Driver\Src\stm32f4xx_hal_tim_ex.o
                               0x10ac (size before relaxing)
 .debug_str     0x00003ce6      0x680 Drivers\STM32F4xx_HAL_Driver\Src\stm32f4xx_hal_uart.o
                               0x101d (size before relaxing)
 .debug_str     0x00004366       0x88 src\ADC.o
                               0x100c (size before relaxing)
 .debug_str     0x000043ee       0x8a src\bateria.o
                                0x1ba (size before relaxing)
 .debug_str     0x00004478      0x12d src\display.o
                                0x930 (size before relaxing)
 .debug_str     0x000045a5      0x323 src\gps_v0.o
                               0x1461 (size before relaxing)
 .debug_str     0x000048c8       0x5d src\main.o
                               0x10ce (size before relaxing)
 .debug_str     0x00004925       0x6d src\spi.o
                               0x1160 (size before relaxing)
 .debug_str     0x00004992      0x161 src\stm32f4xx_it.o
                               0x1084 (size before relaxing)
 .debug_str     0x00004af3       0x45 src\system_stm32f4xx.o
                                0x3ca (size before relaxing)
 .debug_str     0x00004b38       0x25 src\timer.o
                                0xfac (size before relaxing)
 .debug_str     0x00004b5d       0xa0 src\tiny_printf.o
                                0x69f (size before relaxing)
 .debug_str     0x00004bfd       0x46 src\uart.o
                               0x1012 (size before relaxing)

.comment        0x00000000       0x7c
 .comment       0x00000000       0x7c Drivers\STM32F4xx_HAL_Driver\Src\stm32f4xx_hal.o
                                 0x7d (size before relaxing)
 .comment       0x0000007c       0x7d Drivers\STM32F4xx_HAL_Driver\Src\stm32f4xx_hal_adc.o
 .comment       0x0000007c       0x7d Drivers\STM32F4xx_HAL_Driver\Src\stm32f4xx_hal_adc_ex.o
 .comment       0x0000007c       0x7d Drivers\STM32F4xx_HAL_Driver\Src\stm32f4xx_hal_cortex.o
 .comment       0x0000007c       0x7d Drivers\STM32F4xx_HAL_Driver\Src\stm32f4xx_hal_dma.o
 .comment       0x0000007c       0x7d Drivers\STM32F4xx_HAL_Driver\Src\stm32f4xx_hal_gpio.o
 .comment       0x0000007c       0x7d Drivers\STM32F4xx_HAL_Driver\Src\stm32f4xx_hal_rcc.o
 .comment       0x0000007c       0x7d Drivers\STM32F4xx_HAL_Driver\Src\stm32f4xx_hal_spi.o
 .comment       0x0000007c       0x7d Drivers\STM32F4xx_HAL_Driver\Src\stm32f4xx_hal_tim.o
 .comment       0x0000007c       0x7d Drivers\STM32F4xx_HAL_Driver\Src\stm32f4xx_hal_tim_ex.o
 .comment       0x0000007c       0x7d Drivers\STM32F4xx_HAL_Driver\Src\stm32f4xx_hal_uart.o
 .comment       0x0000007c       0x7d src\ADC.o
 .comment       0x0000007c       0x7d src\bateria.o
 .comment       0x0000007c       0x7d src\display.o
 .comment       0x0000007c       0x7d src\gps_v0.o
 .comment       0x0000007c       0x7d src\main.o
 .comment       0x0000007c       0x7d src\spi.o
 .comment       0x0000007c       0x7d src\stm32f4xx_it.o
 .comment       0x0000007c       0x7d src\system_stm32f4xx.o
 .comment       0x0000007c       0x7d src\timer.o
 .comment       0x0000007c       0x7d src\tiny_printf.o
 .comment       0x0000007c       0x7d src\uart.o

.debug_frame    0x00000000     0x5064
 .debug_frame   0x00000000      0x2e8 Drivers\STM32F4xx_HAL_Driver\Src\stm32f4xx_hal.o
 .debug_frame   0x000002e8      0x400 Drivers\STM32F4xx_HAL_Driver\Src\stm32f4xx_hal_adc.o
 .debug_frame   0x000006e8      0x254 Drivers\STM32F4xx_HAL_Driver\Src\stm32f4xx_hal_adc_ex.o
 .debug_frame   0x0000093c      0x498 Drivers\STM32F4xx_HAL_Driver\Src\stm32f4xx_hal_cortex.o
 .debug_frame   0x00000dd4      0x250 Drivers\STM32F4xx_HAL_Driver\Src\stm32f4xx_hal_dma.o
 .debug_frame   0x00001024      0x14c Drivers\STM32F4xx_HAL_Driver\Src\stm32f4xx_hal_gpio.o
 .debug_frame   0x00001170      0x200 Drivers\STM32F4xx_HAL_Driver\Src\stm32f4xx_hal_rcc.o
 .debug_frame   0x00001370      0x894 Drivers\STM32F4xx_HAL_Driver\Src\stm32f4xx_hal_spi.o
 .debug_frame   0x00001c04      0xfb4 Drivers\STM32F4xx_HAL_Driver\Src\stm32f4xx_hal_tim.o
 .debug_frame   0x00002bb8      0x574 Drivers\STM32F4xx_HAL_Driver\Src\stm32f4xx_hal_tim_ex.o
 .debug_frame   0x0000312c      0x83c Drivers\STM32F4xx_HAL_Driver\Src\stm32f4xx_hal_uart.o
 .debug_frame   0x00003968       0xd4 src\ADC.o
 .debug_frame   0x00003a3c       0x60 src\bateria.o
 .debug_frame   0x00003a9c      0x244 src\display.o
 .debug_frame   0x00003ce0      0x1a4 src\gps_v0.o
 .debug_frame   0x00003e84       0x98 src\main.o
 .debug_frame   0x00003f1c       0xbc src\spi.o
 .debug_frame   0x00003fd8      0x1d0 src\stm32f4xx_it.o
 .debug_frame   0x000041a8       0x58 src\system_stm32f4xx.o
 .debug_frame   0x00004200       0x78 src\timer.o
 .debug_frame   0x00004278      0x1bc src\tiny_printf.o
 .debug_frame   0x00004434       0xd0 src\uart.o
 .debug_frame   0x00004504       0x20 c:/program files (x86)/atollic/truestudio for arm 8.1.0/armtools/bin/../lib/gcc/arm-atollic-eabi/6.3.1/../../../../arm-atollic-eabi/lib/armv7e-m/fpu\libc_nano.a(lib_a-atof.o)
 .debug_frame   0x00004524       0x30 c:/program files (x86)/atollic/truestudio for arm 8.1.0/armtools/bin/../lib/gcc/arm-atollic-eabi/6.3.1/../../../../arm-atollic-eabi/lib/armv7e-m/fpu\libc_nano.a(lib_a-atoi.o)
 .debug_frame   0x00004554       0x2c c:/program files (x86)/atollic/truestudio for arm 8.1.0/armtools/bin/../lib/gcc/arm-atollic-eabi/6.3.1/../../../../arm-atollic-eabi/lib/armv7e-m/fpu\libc_nano.a(lib_a-init.o)
 .debug_frame   0x00004580       0x30 c:/program files (x86)/atollic/truestudio for arm 8.1.0/armtools/bin/../lib/gcc/arm-atollic-eabi/6.3.1/../../../../arm-atollic-eabi/lib/armv7e-m/fpu\libc_nano.a(lib_a-malloc.o)
 .debug_frame   0x000045b0       0x20 c:/program files (x86)/atollic/truestudio for arm 8.1.0/armtools/bin/../lib/gcc/arm-atollic-eabi/6.3.1/../../../../arm-atollic-eabi/lib/armv7e-m/fpu\libc_nano.a(lib_a-memset.o)
 .debug_frame   0x000045d0       0x2c c:/program files (x86)/atollic/truestudio for arm 8.1.0/armtools/bin/../lib/gcc/arm-atollic-eabi/6.3.1/../../../../arm-atollic-eabi/lib/armv7e-m/fpu\libc_nano.a(lib_a-nano-mallocr.o)