stm32f4xx_hal_usart.c:228:19:HAL_USART_Init	16	static
stm32f4xx_hal_usart.c:274:19:HAL_USART_DeInit	16	static
stm32f4xx_hal_usart.c:308:14:HAL_USART_MspInit	16	static
stm32f4xx_hal_usart.c:323:14:HAL_USART_MspDeInit	16	static
stm32f4xx_hal_usart.c:406:19:HAL_USART_Transmit	40	static
stm32f4xx_hal_usart.c:487:19:HAL_USART_Receive	40	static
stm32f4xx_hal_usart.c:593:19:HAL_USART_TransmitReceive	40	static
stm32f4xx_hal_usart.c:707:19:HAL_USART_Transmit_IT	24	static
stm32f4xx_hal_usart.c:756:19:HAL_USART_Receive_IT	24	static
stm32f4xx_hal_usart.c:803:19:HAL_USART_TransmitReceive_IT	24	static
stm32f4xx_hal_usart.c:855:19:HAL_USART_Transmit_DMA	32	static
stm32f4xx_hal_usart.c:919:19:HAL_USART_Receive_DMA	32	static
stm32f4xx_hal_usart.c:1011:19:HAL_USART_TransmitReceive_DMA	32	static
stm32f4xx_hal_usart.c:1098:19:HAL_USART_DMAPause	16	static
stm32f4xx_hal_usart.c:1118:19:HAL_USART_DMAResume	16	static
stm32f4xx_hal_usart.c:1138:19:HAL_USART_DMAStop	24	static
stm32f4xx_hal_usart.c:1195:19:HAL_USART_Abort	16	static
stm32f4xx_hal_usart.c:1261:19:HAL_USART_Abort_IT	24	static
stm32f4xx_hal_usart.c:1374:6:HAL_USART_IRQHandler	40	static
stm32f4xx_hal_usart.c:1518:14:HAL_USART_TxCpltCallback	16	static
stm32f4xx_hal_usart.c:1533:14:HAL_USART_TxHalfCpltCallback	16	static
stm32f4xx_hal_usart.c:1548:13:HAL_USART_RxCpltCallback	16	static
stm32f4xx_hal_usart.c:1563:13:HAL_USART_RxHalfCpltCallback	16	static
stm32f4xx_hal_usart.c:1578:13:HAL_USART_TxRxCpltCallback	16	static
stm32f4xx_hal_usart.c:1593:14:HAL_USART_ErrorCallback	16	static
stm32f4xx_hal_usart.c:1607:13:HAL_USART_AbortCpltCallback	16	static
stm32f4xx_hal_usart.c:1646:24:HAL_USART_GetState	16	static
stm32f4xx_hal_usart.c:1657:10:HAL_USART_GetError	16	static
stm32f4xx_hal_usart.c:1671:13:USART_DMATransmitCplt	24	static
stm32f4xx_hal_usart.c:1704:13:USART_DMATxHalfCplt	24	static
stm32f4xx_hal_usart.c:1716:13:USART_DMAReceiveCplt	24	static
stm32f4xx_hal_usart.c:1770:13:USART_DMARxHalfCplt	24	static
stm32f4xx_hal_usart.c:1782:13:USART_DMAError	24	static
stm32f4xx_hal_usart.c:1819:26:USART_WaitOnFlagUntilTimeout	24	static
stm32f4xx_hal_usart.c:1858:13:USART_EndTxTransfer	16	static
stm32f4xx_hal_usart.c:1872:13:USART_EndRxTransfer	16	static
stm32f4xx_hal_usart.c:1888:13:USART_DMAAbortOnError	24	static
stm32f4xx_hal_usart.c:1905:13:USART_DMATxAbortCallback	24	static
stm32f4xx_hal_usart.c:1942:13:USART_DMARxAbortCallback	24	static
stm32f4xx_hal_usart.c:1978:26:USART_Transmit_IT	24	static
stm32f4xx_hal_usart.c:2024:26:USART_EndTransmit_IT	16	static
stm32f4xx_hal_usart.c:2045:26:USART_Receive_IT	24	static
stm32f4xx_hal_usart.c:2117:26:USART_TransmitReceive_IT	24	static
stm32f4xx_hal_usart.c:2220:13:USART_SetConfig	40	static
