stm32f4xx_nucleo.c:179:10:BSP_GetVersion	4	static
stm32f4xx_nucleo.c:190:6:BSP_LED_Init	40	static
stm32f4xx_nucleo.c:215:6:BSP_LED_DeInit	40	static
stm32f4xx_nucleo.c:232:6:BSP_LED_On	16	static
stm32f4xx_nucleo.c:243:6:BSP_LED_Off	16	static
stm32f4xx_nucleo.c:254:6:BSP_LED_Toggle	16	static
stm32f4xx_nucleo.c:269:6:BSP_PB_Init	40	static
stm32f4xx_nucleo.c:306:6:BSP_PB_DeInit	40	static
stm32f4xx_nucleo.c:321:10:BSP_PB_GetState	16	static
stm32f4xx_nucleo.c:337:13:SPIx_MspInit	48	static
stm32f4xx_nucleo.c:372:13:SPIx_Init	8	static
stm32f4xx_nucleo.c:409:13:SPIx_WriteReadData	40	static
stm32f4xx_nucleo.c:427:13:SPIx_Write	32	static
stm32f4xx_nucleo.c:445:13:SPIx_Error	8	static
stm32f4xx_nucleo.c:463:6:SD_IO_Init	40	static
stm32f4xx_nucleo.c:498:6:SD_IO_CSState	16	static
stm32f4xx_nucleo.c:516:6:SD_IO_WriteReadData	24	static
stm32f4xx_nucleo.c:526:9:SD_IO_WriteByte	24	static
stm32f4xx_nucleo.c:538:6:LCD_IO_Init	40	static
stm32f4xx_nucleo.c:568:6:LCD_IO_WriteReg	16	static
stm32f4xx_nucleo.c:588:6:LCD_IO_WriteData	16	static
stm32f4xx_nucleo.c:608:6:LCD_IO_WriteMultipleData	24	static
stm32f4xx_nucleo.c:663:6:LCD_Delay	16	static
stm32f4xx_nucleo.c:675:13:ADCx_MspInit	48	static
stm32f4xx_nucleo.c:698:13:ADCx_MspDeInit	40	static
stm32f4xx_nucleo.c:717:13:ADCx_Init	8	static
stm32f4xx_nucleo.c:741:13:ADCx_DeInit	8	static
stm32f4xx_nucleo.c:756:9:BSP_JOY_Init	16	static
stm32f4xx_nucleo.c:776:6:BSP_JOY_DeInit	8	static
stm32f4xx_nucleo.c:793:18:BSP_JOY_GetState	16	static
