display.c:23:6:LCD_Config	40	static
display.c:48:6:writePin	16	static
display.c:62:6:LCD_Enable	8	static
display.c:73:6:LCD_Output	16	static
display.c:114:6:LCD_Command	16	static
display.c:124:6:LCD_Data	16	static
display.c:134:6:LCD_Print_String	24	static
display.c:147:6:LCD_Print_Char	16	static
display.c:156:6:LCD_Print	16	static
display.c:168:6:LCD_Cursor	16	static
display.c:192:6:decToBin	48	static
display.c:214:6:intToString4	24	static
display.c:229:6:intToString3	24	static
display.c:243:8:intToString2	24	static
display.c:256:6:LCD_BuildChar	24	static
display.c:272:6:LCD_Init	8	static
