stm32f4xx_it.c:55:6:NMI_Handler	4	static
stm32f4xx_it.c:64:6:HardFault_Handler	4	static
stm32f4xx_it.c:77:6:MemManage_Handler	4	static
stm32f4xx_it.c:90:6:BusFault_Handler	4	static
stm32f4xx_it.c:103:6:UsageFault_Handler	4	static
stm32f4xx_it.c:116:6:SVC_Handler	4	static
stm32f4xx_it.c:125:6:DebugMon_Handler	4	static
stm32f4xx_it.c:134:6:PendSV_Handler	4	static
stm32f4xx_it.c:145:6:SysTick_Handler	8	static
stm32f4xx_it.c:181:6:ADC_IRQHandler	8	static
stm32f4xx_it.c:186:6:SPI2_IRQHandler	8	static
stm32f4xx_it.c:214:6:USART2_IRQHandler	8	static
stm32f4xx_it.c:222:6:DMA2_Stream0_IRQHandler	8	static
stm32f4xx_it.c:230:6:DMA2_Stream1_IRQHandler	8	static
stm32f4xx_it.c:238:6:DMA2_Stream6_IRQHandler	8	static
stm32f4xx_it.c:246:6:TIM2_IRQHandler	8	static
